<html>
<body>
<pre>
<h1>礦ision Build Log</h1>
<h2>Tool Versions:</h2>
IDE-Version: μVision V5.14.0.0
Copyright (C) 2015 ARM Ltd and ARM Germany GmbH. All rights reserved.
License Information: liuming liuming, liuming, LIC=R4HPC-7QKEA-78MFD-8IPN6-MQ36C-R00JD
 
Tool Versions:
Toolchain:       MDK-ARM Professional  Version: 5.14.0.0
Toolchain Path:  C:\Keil_v5\ARM\ARMCC\Bin
C Compiler:      Armcc.exe V5.05 update 1 (build 106)
Assembler:       Armasm.exe V5.05 update 1 (build 106)
Linker/Locator:  ArmLink.exe V5.05 update 1 (build 106)
Library Manager: ArmAr.exe V5.05 update 1 (build 106)
Hex Converter:   FromElf.exe V5.05 update 1 (build 106)
CPU DLL:         SARMCM3.DLL V5.14.0.0
Dialog DLL:      DARMSTM.DLL V1.65.0.0
Target DLL:      Segger\JL2CM3.dll V2.99.13.0
Dialog DLL:      TARMSTM.DLL V1.64.0.0
 
<h2>Project:</h2>
C:\Users\32188\Desktop\嵌入式课程设计\20177403320025刘明\USER\LCD.uvprojx
Project File Date:  07/04/2019

<h2>Output:</h2>
Build target 'Target 1'
compiling main.c...
compiling stm32f10x_it.c...
compiling system_stm32f10x.c...
compiling lcd.c...
compiling timer.c...
compiling exti.c...
..\HARDWARE\EXTI\exti.c(90): warning:  #68-D: integer conversion resulted in a change of sign
                                                if(MyClock.sec==-1){
..\HARDWARE\EXTI\exti.c(94): warning:  #68-D: integer conversion resulted in a change of sign
                                                if(MyClock.min==-1){
..\HARDWARE\EXTI\exti.c(98): warning:  #68-D: integer conversion resulted in a change of sign
                                                if(MyClock.hour==-1){
..\HARDWARE\EXTI\exti.c: 3 warnings, 0 errors
compiling key.c...
compiling spi.c...
compiling MMC_SD.C...
compiling flash.c...
compiling clock.c...
compiling delay.c...
compiling sys.c...
compiling usart.c...
compiling core_cm3.c...
assembling startup_stm32f10x_hd.s...
compiling stm32f10x_gpio.c...
compiling stm32f10x_rcc.c...
compiling stm32f10x_usart.c...
compiling misc.c...
compiling stm32f10x_tim.c...
compiling stm32f10x_exti.c...
compiling stm32f10x_spi.c...
compiling exfuns.c...
compiling fattester.c...
compiling mycc936.c...
compiling diskio.c...
compiling ff.c...
compiling malloc.c...
compiling fontupd.c...
compiling text.c...
compiling usmart.c...
compiling usmart_config.c...
compiling usmart_str.c...
linking...
Program Size: Code=72798 RO-data=8722 RW-data=936 ZI-data=40096  
FromELF: creating hex file...
"..\OBJ\LCD.axf" - 0 Error(s), 3 Warning(s).

<h2>Collection of Component include folders:</h2>
  C:\Users\32188\Desktop\嵌入式课程设计\20177403320025刘明\USER\RTE
  D:\迅雷下载\Keil\STM32F1xx_DFP\1.0.5\Device\Include

<h2>Collection of Component Files used:</h2>
</pre>
</body>
</html>
