Component: ARM Compiler 5.05 update 1 (build 106) Tool: armlink [4d0efa]

==============================================================================

Section Cross References

    main.o(.text) refers to delay.o(.text) for delay_init
    main.o(.text) refers to usart.o(.text) for uart_init
    main.o(.text) refers to timer.o(.text) for TIM3_Int_Init
    main.o(.text) refers to exti.o(.text) for EXTIX_Init
    main.o(.text) refers to key.o(.text) for KEY_Init
    main.o(.text) refers to lcd.o(.text) for LCD_Init
    main.o(.text) refers to malloc.o(.text) for mem_init
    main.o(.text) refers to exfuns.o(.text) for exfuns_init
    main.o(.text) refers to ff.o(.text) for f_mount
    main.o(.text) refers to mmc_sd.o(.text) for SD_Initialize
    main.o(.text) refers to fontupd.o(.text) for update_font
    main.o(.text) refers to clock.o(.text) for Clock_Init
    main.o(.text) refers to text.o(.text) for Show_Str
    main.o(.text) refers to usmart_config.o(.data) for usmart_dev
    main.o(.text) refers to exfuns.o(.data) for fs
    main.o(.text) refers to lcd.o(.data) for POINT_COLOR
    system_stm32f10x.o(.text) refers to system_stm32f10x.o(.data) for SystemCoreClock
    lcd.o(.text) refers to _printf_percent.o(.ARM.Collect$$_printf_percent$$00000000) for _printf_percent
    lcd.o(.text) refers to _printf_x.o(.ARM.Collect$$_printf_percent$$0000000C) for _printf_x
    lcd.o(.text) refers to _printf_hex_int.o(.text) for _printf_longlong_hex
    lcd.o(.text) refers to delay.o(.text) for delay_us
    lcd.o(.text) refers to lcd.o(.bss) for lcddev
    lcd.o(.text) refers to dflt_clz.o(x$fpl$dfltu) for __aeabi_ui2d
    lcd.o(.text) refers to dmul.o(x$fpl$dmul) for __aeabi_dmul
    lcd.o(.text) refers to dfixu.o(x$fpl$dfixu) for __aeabi_d2uiz
    lcd.o(.text) refers to lcd.o(.data) for POINT_COLOR
    lcd.o(.text) refers to stm32f10x_rcc.o(.text) for RCC_APB2PeriphClockCmd
    lcd.o(.text) refers to stm32f10x_gpio.o(.text) for GPIO_PinRemapConfig
    lcd.o(.text) refers to noretval__2printf.o(.text) for __2printf
    lcd.o(.text) refers to lcd.o(.constdata) for asc2_1206
    timer.o(.text) refers to stm32f10x_rcc.o(.text) for RCC_APB1PeriphClockCmd
    timer.o(.text) refers to stm32f10x_tim.o(.text) for TIM_TimeBaseInit
    timer.o(.text) refers to misc.o(.text) for NVIC_Init
    timer.o(.text) refers to exti.o(.text) for button_up
    timer.o(.text) refers to clock.o(.bss) for MyClock
    exti.o(.text) refers to stm32f10x_rcc.o(.text) for RCC_APB2PeriphClockCmd
    exti.o(.text) refers to key.o(.text) for KEY_Init
    exti.o(.text) refers to stm32f10x_gpio.o(.text) for GPIO_EXTILineConfig
    exti.o(.text) refers to stm32f10x_exti.o(.text) for EXTI_Init
    exti.o(.text) refers to misc.o(.text) for NVIC_Init
    exti.o(.text) refers to delay.o(.text) for delay_ms
    exti.o(.text) refers to clock.o(.bss) for MyClock
    key.o(.text) refers to stm32f10x_rcc.o(.text) for RCC_APB2PeriphClockCmd
    key.o(.text) refers to stm32f10x_gpio.o(.text) for GPIO_PinRemapConfig
    key.o(.text) refers to delay.o(.text) for delay_ms
    key.o(.text) refers to key.o(.data) for key_up
    spi.o(.text) refers to stm32f10x_spi.o(.text) for SPI_I2S_GetFlagStatus
    spi.o(.text) refers to stm32f10x_rcc.o(.text) for RCC_APB2PeriphClockCmd
    spi.o(.text) refers to stm32f10x_gpio.o(.text) for GPIO_Init
    spi.o(.text) refers to spi.o(.bss) for SPI_InitStructure
    mmc_sd.o(.text) refers to spi.o(.text) for SPI1_ReadWriteByte
    mmc_sd.o(.text) refers to stm32f10x_rcc.o(.text) for RCC_APB2PeriphClockCmd
    mmc_sd.o(.text) refers to stm32f10x_gpio.o(.text) for GPIO_Init
    mmc_sd.o(.text) refers to mmc_sd.o(.data) for SD_Type
    flash.o(.text) refers to spi.o(.text) for SPI1_ReadWriteByte
    flash.o(.text) refers to stm32f10x_rcc.o(.text) for RCC_APB2PeriphClockCmd
    flash.o(.text) refers to stm32f10x_gpio.o(.text) for GPIO_Init
    flash.o(.text) refers to malloc.o(.text) for mymalloc
    flash.o(.text) refers to delay.o(.text) for delay_us
    flash.o(.text) refers to flash.o(.data) for SPI_FLASH_TYPE
    clock.o(.text) refers to exti.o(.text) for RTC_Get_Week
    clock.o(.text) refers to lcd.o(.text) for LCD_ShowString
    clock.o(.text) refers to ffixu.o(x$fpl$ffixu) for __aeabi_f2uiz
    clock.o(.text) refers to f2d.o(x$fpl$f2d) for __aeabi_f2d
    clock.o(.text) refers to daddsub_clz.o(x$fpl$dadd) for __aeabi_dadd
    clock.o(.text) refers to d2f.o(x$fpl$d2f) for __aeabi_d2f
    clock.o(.text) refers to fleqf.o(x$fpl$fleqf) for __aeabi_cfcmple
    clock.o(.text) refers to ceilf.o(i.ceilf) for ceilf
    clock.o(.text) refers to ffix.o(x$fpl$ffix) for __aeabi_f2iz
    clock.o(.text) refers to clock.o(.bss) for MyClock
    clock.o(.text) refers to lcd.o(.data) for POINT_COLOR
    clock.o(.text) refers to clock.o(.constdata) for .constdata
    clock.o(.text) refers to dmul.o(x$fpl$dmul) for __aeabi_dmul
    clock.o(.text) refers to sin.o(i.sin) for sin
    clock.o(.text) refers to dflt_clz.o(x$fpl$dflt) for __aeabi_i2d
[...]
    __scatterload_zeroinit                   0x080001c9   Thumb Code    28  __scatter_zi.o(!!handler_zi)
    _printf_d                                0x080001e5   Thumb Code     0  _printf_d.o(.ARM.Collect$$_printf_percent$$00000009)
    _printf_percent                          0x080001e5   Thumb Code     0  _printf_percent.o(.ARM.Collect$$_printf_percent$$00000000)
    _printf_u                                0x080001eb   Thumb Code     0  _printf_u.o(.ARM.Collect$$_printf_percent$$0000000A)
    _printf_x                                0x080001f1   Thumb Code     0  _printf_x.o(.ARM.Collect$$_printf_percent$$0000000C)
    _printf_c                                0x080001f7   Thumb Code     0  _printf_c.o(.ARM.Collect$$_printf_percent$$00000013)
    _printf_s                                0x080001fd   Thumb Code     0  _printf_s.o(.ARM.Collect$$_printf_percent$$00000014)
    _printf_percent_end                      0x08000203   Thumb Code     0  _printf_percent_end.o(.ARM.Collect$$_printf_percent$$00000017)
    __rt_lib_init                            0x08000207   Thumb Code     0  libinit.o(.ARM.Collect$$libinit$$00000000)
    __rt_lib_init_alloca_1                   0x08000209   Thumb Code     0  libinit2.o(.ARM.Collect$$libinit$$0000002E)
    __rt_lib_init_argv_1                     0x08000209   Thumb Code     0  libinit2.o(.ARM.Collect$$libinit$$0000002C)
    __rt_lib_init_atexit_1                   0x08000209   Thumb Code     0  libinit2.o(.ARM.Collect$$libinit$$0000001B)
    __rt_lib_init_clock_1                    0x08000209   Thumb Code     0  libinit2.o(.ARM.Collect$$libinit$$00000021)
    __rt_lib_init_cpp_1                      0x08000209   Thumb Code     0  libinit2.o(.ARM.Collect$$libinit$$00000032)
    __rt_lib_init_exceptions_1               0x08000209   Thumb Code     0  libinit2.o(.ARM.Collect$$libinit$$00000030)
    __rt_lib_init_fp_1                       0x08000209   Thumb Code     0  libinit2.o(.ARM.Collect$$libinit$$00000002)
    __rt_lib_init_fp_trap_1                  0x08000209   Thumb Code     0  libinit2.o(.ARM.Collect$$libinit$$0000001F)
    __rt_lib_init_getenv_1                   0x08000209   Thumb Code     0  libinit2.o(.ARM.Collect$$libinit$$00000023)
    __rt_lib_init_heap_1                     0x08000209   Thumb Code     0  libinit2.o(.ARM.Collect$$libinit$$0000000A)
    __rt_lib_init_lc_collate_1               0x08000209   Thumb Code     0  libinit2.o(.ARM.Collect$$libinit$$00000011)
    __rt_lib_init_lc_ctype_1                 0x08000209   Thumb Code     0  libinit2.o(.ARM.Collect$$libinit$$00000013)
    __rt_lib_init_lc_monetary_1              0x08000209   Thumb Code     0  libinit2.o(.ARM.Collect$$libinit$$00000015)
    __rt_lib_init_lc_numeric_1               0x08000209   Thumb Code     0  libinit2.o(.ARM.Collect$$libinit$$00000017)
    __rt_lib_init_lc_time_1                  0x08000209   Thumb Code     0  libinit2.o(.ARM.Collect$$libinit$$00000019)
    __rt_lib_init_preinit_1                  0x08000209   Thumb Code     0  libinit2.o(.ARM.Collect$$libinit$$00000004)
    __rt_lib_init_rand_1                     0x08000209   Thumb Code     0  libinit2.o(.ARM.Collect$$libinit$$0000000E)
    __rt_lib_init_return                     0x08000209   Thumb Code     0  libinit2.o(.ARM.Collect$$libinit$$00000033)
    __rt_lib_init_signal_1                   0x08000209   Thumb Code     0  libinit2.o(.ARM.Collect$$libinit$$0000001D)
    __rt_lib_init_stdio_1                    0x08000209   Thumb Code     0  libinit2.o(.ARM.Collect$$libinit$$00000025)
    __rt_lib_init_user_alloc_1               0x08000209   Thumb Code     0  libinit2.o(.ARM.Collect$$libinit$$0000000C)
    __rt_lib_shutdown                        0x0800020b   Thumb Code     0  libshutdown.o(.ARM.Collect$$libshutdown$$00000000)
    __rt_lib_shutdown_fp_trap_1              0x0800020d   Thumb Code     0  libshutdown2.o(.ARM.Collect$$libshutdown$$00000006)
    __rt_lib_shutdown_heap_1                 0x0800020d   Thumb Code     0  libshutdown2.o(.ARM.Collect$$libshutdown$$0000000E)
    __rt_lib_shutdown_return                 0x0800020d   Thumb Code     0  libshutdown2.o(.ARM.Collect$$libshutdown$$0000000F)
    __rt_lib_shutdown_signal_1               0x0800020d   Thumb Code     0  libshutdown2.o(.ARM.Collect$$libshutdown$$00000009)
    __rt_lib_shutdown_stdio_1                0x0800020d   Thumb Code     0  libshutdown2.o(.ARM.Collect$$libshutdown$$00000003)
    __rt_lib_shutdown_user_alloc_1           0x0800020d   Thumb Code     0  libshutdown2.o(.ARM.Collect$$libshutdown$$0000000B)
    __rt_entry                               0x0800020f   Thumb Code     0  __rtentry.o(.ARM.Collect$$rtentry$$00000000)
    __rt_entry_presh_1                       0x0800020f   Thumb Code     0  __rtentry2.o(.ARM.Collect$$rtentry$$00000002)
    __rt_entry_sh                            0x0800020f   Thumb Code     0  __rtentry4.o(.ARM.Collect$$rtentry$$00000004)
    __rt_entry_li                            0x08000215   Thumb Code     0  __rtentry2.o(.ARM.Collect$$rtentry$$0000000A)
    __rt_entry_postsh_1                      0x08000215   Thumb Code     0  __rtentry2.o(.ARM.Collect$$rtentry$$00000009)
    __rt_entry_main                          0x08000219   Thumb Code     0  __rtentry2.o(.ARM.Collect$$rtentry$$0000000D)
    __rt_entry_postli_1                      0x08000219   Thumb Code     0  __rtentry2.o(.ARM.Collect$$rtentry$$0000000C)
    __rt_exit                                0x08000221   Thumb Code     0  rtexit.o(.ARM.Collect$$rtexit$$00000000)
    __rt_exit_ls                             0x08000223   Thumb Code     0  rtexit2.o(.ARM.Collect$$rtexit$$00000003)
    __rt_exit_prels_1                        0x08000223   Thumb Code     0  rtexit2.o(.ARM.Collect$$rtexit$$00000002)
    __rt_exit_exit                           0x08000227   Thumb Code     0  rtexit2.o(.ARM.Collect$$rtexit$$00000004)
    main                                     0x0800022d   Thumb Code   580  main.o(.text)
    NMI_Handler                              0x08000505   Thumb Code     2  stm32f10x_it.o(.text)
    HardFault_Handler                        0x08000507   Thumb Code     4  stm32f10x_it.o(.text)
    MemManage_Handler                        0x0800050b   Thumb Code     4  stm32f10x_it.o(.text)
    BusFault_Handler                         0x0800050f   Thumb Code     4  stm32f10x_it.o(.text)
    UsageFault_Handler                       0x08000513   Thumb Code     4  stm32f10x_it.o(.text)
    SVC_Handler                              0x08000517   Thumb Code     2  stm32f10x_it.o(.text)
    DebugMon_Handler                         0x08000519   Thumb Code     2  stm32f10x_it.o(.text)
    PendSV_Handler                           0x0800051b   Thumb Code     2  stm32f10x_it.o(.text)
    SysTick_Handler                          0x0800051d   Thumb Code     2  stm32f10x_it.o(.text)
    SystemInit                               0x080005ff   Thumb Code    78  system_stm32f10x.o(.text)
    SystemCoreClockUpdate                    0x0800064d   Thumb Code   142  system_stm32f10x.o(.text)
    LCD_WR_REG                               0x08000701   Thumb Code    28  lcd.o(.text)
    LCD_WR_DATAX                             0x0800071d   Thumb Code    28  lcd.o(.text)
    LCD_RD_DATA                              0x08000739   Thumb Code    98  lcd.o(.text)
    LCD_WriteReg                             0x0800079b   Thumb Code    40  lcd.o(.text)
    LCD_ReadReg                              0x080007c3   Thumb Code    16  lcd.o(.text)
    LCD_WriteRAM_Prepare                     0x080007d3   Thumb Code    12  lcd.o(.text)
    LCD_WriteRAM                             0x080007df   Thumb Code    28  lcd.o(.text)
    LCD_BGR2RGB                              0x080007fb   Thumb Code    26  lcd.o(.text)
    opt_delay                                0x08000815   Thumb Code    14  lcd.o(.text)
    LCD_SetCursor                            0x08000823   Thumb Code   956  lcd.o(.text)
    LCD_ReadPoint                            0x08000bdf   Thumb Code   506  lcd.o(.text)
    LCD_DisplayOn                            0x08000dd9   Thumb Code    92  lcd.o(.text)
    LCD_DisplayOff                           0x08000e35   Thumb Code    90  lcd.o(.text)
    LCD_Scan_Dir                             0x08000e8f   Thumb Code  1126  lcd.o(.text)
    LCD_DrawPoint                            0x080012f5   Thumb Code    52  lcd.o(.text)
    LCD_Fast_DrawPoint                       0x08001329   Thumb Code   854  lcd.o(.text)
    LCD_SSD_BackLightSet                     0x0800167f   Thumb Code   220  lcd.o(.text)
    LCD_Display_Dir                          0x0800175b   Thumb Code   444  lcd.o(.text)
    LCD_Set_Window                           0x08001917   Thumb Code  1078  lcd.o(.text)
    LCD_Clear                                0x08001d4d   Thumb Code   122  lcd.o(.text)
    LCD_Init                                 0x08001dc7   Thumb Code 15298  lcd.o(.text)
    LCD_Fill                                 0x08005989   Thumb Code   200  lcd.o(.text)
    LCD_Color_Fill                           0x08005a51   Thumb Code   116  lcd.o(.text)
    LCD_DrawLine                             0x08005ac5   Thumb Code   172  lcd.o(.text)
    LCD_DrawRectangle                        0x08005b71   Thumb Code    74  lcd.o(.text)
    LCD_Draw_Circle                          0x08005bbb   Thumb Code   152  lcd.o(.text)
    LCD_ShowChar                             0x08005c53   Thumb Code   272  lcd.o(.text)
    LCD_Pow                                  0x08005d63   Thumb Code    54  lcd.o(.text)
    LCD_ShowNum                              0x08005d99   Thumb Code   148  lcd.o(.text)
    LCD_ShowxNum                             0x08005e2d   Thumb Code   190  lcd.o(.text)
    LCD_ShowString                           0x08005eeb   Thumb Code   102  lcd.o(.text)
    TIM3_Int_Init                            0x08005f51   Thumb Code    90  timer.o(.text)
    TIM3_IRQHandler                          0x08005fab   Thumb Code    82  timer.o(.text)
    RTC_Get_Week                             0x08006005   Thumb Code   142  exti.o(.text)
    Is_Leap_Year                             0x08006093   Thumb Code    58  exti.o(.text)
    button_up                                0x080060cd   Thumb Code   238  exti.o(.text)
    button_down                              0x080061bb   Thumb Code   192  exti.o(.text)
    EXTIX_Init                               0x0800627b   Thumb Code   212  exti.o(.text)
    EXTI0_IRQHandler                         0x0800634f   Thumb Code    50  exti.o(.text)
    EXTI9_5_IRQHandler                       0x08006381   Thumb Code   186  exti.o(.text)
    EXTI15_10_IRQHandler                     0x0800643b   Thumb Code   152  exti.o(.text)
    KEY_Init                                 0x080064dd   Thumb Code    82  key.o(.text)
    KEY_Scan                                 0x0800652f   Thumb Code   154  key.o(.text)
    SPI1_ReadWriteByte                       0x080065d9   Thumb Code    78  spi.o(.text)
    SPI1_Init                                0x08006627   Thumb Code   108  spi.o(.text)
    SPI1_SetSpeed                            0x08006693   Thumb Code    34  spi.o(.text)
    SD_SPI_ReadWriteByte                     0x080066c1   Thumb Code    12  mmc_sd.o(.text)
    SD_SPI_SpeedLow                          0x080066cd   Thumb Code    10  mmc_sd.o(.text)
    SD_SPI_SpeedHigh                         0x080066d7   Thumb Code    10  mmc_sd.o(.text)
    SD_SPI_Init                              0x080066e1   Thumb Code    56  mmc_sd.o(.text)
    SD_DisSelect                             0x08006719   Thumb Code    16  mmc_sd.o(.text)
    SD_WaitReady                             0x08006729   Thumb Code    34  mmc_sd.o(.text)
    SD_Select                                0x0800674b   Thumb Code    26  mmc_sd.o(.text)
    SD_GetResponse                           0x08006765   Thumb Code    38  mmc_sd.o(.text)
    SD_RecvData                              0x0800678b   Thumb Code    56  mmc_sd.o(.text)
    SD_SendBlock                             0x080067c3   Thumb Code    82  mmc_sd.o(.text)
    SD_SendCmd                               0x08006815   Thumb Code   120  mmc_sd.o(.text)
    SD_GetCID                                0x0800688d   Thumb Code    42  mmc_sd.o(.text)
    SD_GetCSD                                0x080068b7   Thumb Code    42  mmc_sd.o(.text)
    SD_GetSectorCount                        0x080068e1   Thumb Code   118  mmc_sd.o(.text)
    SD_Initialize                            0x08006957   Thumb Code   398  mmc_sd.o(.text)
    SD_ReadDisk                              0x08006ae5   Thumb Code   112  mmc_sd.o(.text)
    SD_WriteDisk                             0x08006b55   Thumb Code   140  mmc_sd.o(.text)
    SPI_Flash_ReadID                         0x08006be5   Thumb Code    64  flash.o(.text)
    SPI_Flash_Init                           0x08006c25   Thumb Code    64  flash.o(.text)
    SPI_Flash_ReadSR                         0x08006c65   Thumb Code    36  flash.o(.text)
    SPI_FLASH_Write_SR                       0x08006c89   Thumb Code    32  flash.o(.text)
    SPI_FLASH_Write_Enable                   0x08006ca9   Thumb Code    24  flash.o(.text)
    SPI_FLASH_Write_Disable                  0x08006cc1   Thumb Code    24  flash.o(.text)
    SPI_Flash_Read                           0x08006cd9   Thumb Code    74  flash.o(.text)
    SPI_Flash_Wait_Busy                      0x08006d23   Thumb Code    18  flash.o(.text)
    SPI_Flash_Write_Page                     0x08006d35   Thumb Code    80  flash.o(.text)
    SPI_Flash_Write_NoCheck                  0x08006d85   Thumb Code    70  flash.o(.text)
    SPI_Flash_Erase_Sector                   0x08006dcb   Thumb Code    62  flash.o(.text)
    SPI_Flash_Write                          0x08006e09   Thumb Code   196  flash.o(.text)
    SPI_Flash_Erase_Chip                     0x08006ecd   Thumb Code    36  flash.o(.text)
    SPI_Flash_PowerDown                      0x08006ef1   Thumb Code    30  flash.o(.text)
    SPI_Flash_WAKEUP                         0x08006f0f   Thumb Code    30  flash.o(.text)
    show_week                                0x08006f3d   Thumb Code   236  clock.o(.text)
    show_number_time                         0x08007029   Thumb Code   164  clock.o(.text)
    clock_circle_drawpanel                   0x080070cd   Thumb Code  1656  clock.o(.text)
    gui_draw_bline1                          0x08007745   Thumb Code   378  clock.o(.text)
    calendar_circle_clock_showtime           0x080078bf   Thumb Code  2742  clock.o(.text)
    Clock_Init                               0x08008375   Thumb Code   108  clock.o(.text)
    handle_clock                             0x080083e1   Thumb Code   638  clock.o(.text)
    LCD_DrawFullCircle1                      0x0800865f   Thumb Code    82  clock.o(.text)
    delay_init                               0x080086b9   Thumb Code    50  delay.o(.text)
    delay_us                                 0x080086eb   Thumb Code    72  delay.o(.text)
    delay_ms                                 0x08008733   Thumb Code    72  delay.o(.text)
    _sys_exit                                0x0800878d   Thumb Code     6  usart.o(.text)
    fputc                                    0x08008793   Thumb Code    24  usart.o(.text)
    uart_init                                0x080087ab   Thumb Code   152  usart.o(.text)
    USART1_IRQHandler                        0x08008843   Thumb Code   122  usart.o(.text)
    Reset_Handler                            0x080088cd   Thumb Code     8  startup_stm32f10x_hd.o(.text)
    ADC1_2_IRQHandler                        0x080088e7   Thumb Code     0  startup_stm32f10x_hd.o(.text)
    ADC3_IRQHandler                          0x080088e7   Thumb Code     0  startup_stm32f10x_hd.o(.text)
    CAN1_RX1_IRQHandler                      0x080088e7   Thumb Code     0  startup_stm32f10x_hd.o(.text)
    CAN1_SCE_IRQHandler                      0x080088e7   Thumb Code     0  startup_stm32f10x_hd.o(.text)
    DMA1_Channel1_IRQHandler                 0x080088e7   Thumb Code     0  startup_stm32f10x_hd.o(.text)
    DMA1_Channel2_IRQHandler                 0x080088e7   Thumb Code     0  startup_stm32f10x_hd.o(.text)
    DMA1_Channel3_IRQHandler                 0x080088e7   Thumb Code     0  startup_stm32f10x_hd.o(.text)
    DMA1_Channel4_IRQHandler                 0x080088e7   Thumb Code     0  startup_stm32f10x_hd.o(.text)
    DMA1_Channel5_IRQHandler                 0x080088e7   Thumb Code     0  startup_stm32f10x_hd.o(.text)
    DMA1_Channel6_IRQHandler                 0x080088e7   Thumb Code     0  startup_stm32f10x_hd.o(.text)
    DMA1_Channel7_IRQHandler                 0x080088e7   Thumb Code     0  startup_stm32f10x_hd.o(.text)
    DMA2_Channel1_IRQHandler                 0x080088e7   Thumb Code     0  startup_stm32f10x_hd.o(.text)
    DMA2_Channel2_IRQHandler                 0x080088e7   Thumb Code     0  startup_stm32f10x_hd.o(.text)
    DMA2_Channel3_IRQHandler                 0x080088e7   Thumb Code     0  startup_stm32f10x_hd.o(.text)
    DMA2_Channel4_5_IRQHandler               0x080088e7   Thumb Code     0  startup_stm32f10x_hd.o(.text)
    EXTI1_IRQHandler                         0x080088e7   Thumb Code     0  startup_stm32f10x_hd.o(.text)
    EXTI2_IRQHandler                         0x080088e7   Thumb Code     0  startup_stm32f10x_hd.o(.text)
    EXTI3_IRQHandler                         0x080088e7   Thumb Code     0  startup_stm32f10x_hd.o(.text)
    EXTI4_IRQHandler                         0x080088e7   Thumb Code     0  startup_stm32f10x_hd.o(.text)
    FLASH_IRQHandler                         0x080088e7   Thumb Code     0  startup_stm32f10x_hd.o(.text)
    FSMC_IRQHandler                          0x080088e7   Thumb Code     0  startup_stm32f10x_hd.o(.text)
    I2C1_ER_IRQHandler                       0x080088e7   Thumb Code     0  startup_stm32f10x_hd.o(.text)
    I2C1_EV_IRQHandler                       0x080088e7   Thumb Code     0  startup_stm32f10x_hd.o(.text)
    I2C2_ER_IRQHandler                       0x080088e7   Thumb Code     0  startup_stm32f10x_hd.o(.text)
    I2C2_EV_IRQHandler                       0x080088e7   Thumb Code     0  startup_stm32f10x_hd.o(.text)
    PVD_IRQHandler                           0x080088e7   Thumb Code     0  startup_stm32f10x_hd.o(.text)
    RCC_IRQHandler                           0x080088e7   Thumb Code     0  startup_stm32f10x_hd.o(.text)
    RTCAlarm_IRQHandler                      0x080088e7   Thumb Code     0  startup_stm32f10x_hd.o(.text)
    RTC_IRQHandler                           0x080088e7   Thumb Code     0  startup_stm32f10x_hd.o(.text)
    SDIO_IRQHandler                          0x080088e7   Thumb Code     0  startup_stm32f10x_hd.o(.text)
    SPI1_IRQHandler                          0x080088e7   Thumb Code     0  startup_stm32f10x_hd.o(.text)
    SPI2_IRQHandler                          0x080088e7   Thumb Code     0  startup_stm32f10x_hd.o(.text)
    SPI3_IRQHandler                          0x080088e7   Thumb Code     0  startup_stm32f10x_hd.o(.text)
    TAMPER_IRQHandler                        0x080088e7   Thumb Code     0  startup_stm32f10x_hd.o(.text)
    TIM1_BRK_IRQHandler                      0x080088e7   Thumb Code     0  startup_stm32f10x_hd.o(.text)
    TIM1_CC_IRQHandler                       0x080088e7   Thumb Code     0  startup_stm32f10x_hd.o(.text)
    TIM1_TRG_COM_IRQHandler                  0x080088e7   Thumb Code     0  startup_stm32f10x_hd.o(.text)
    TIM1_UP_IRQHandler                       0x080088e7   Thumb Code     0  startup_stm32f10x_hd.o(.text)
    TIM2_IRQHandler                          0x080088e7   Thumb Code     0  startup_stm32f10x_hd.o(.text)
    TIM5_IRQHandler                          0x080088e7   Thumb Code     0  startup_stm32f10x_hd.o(.text)
    TIM6_IRQHandler                          0x080088e7   Thumb Code     0  startup_stm32f10x_hd.o(.text)
    TIM7_IRQHandler                          0x080088e7   Thumb Code     0  startup_stm32f10x_hd.o(.text)
    TIM8_BRK_IRQHandler                      0x080088e7   Thumb Code     0  startup_stm32f10x_hd.o(.text)
    TIM8_CC_IRQHandler                       0x080088e7   Thumb Code     0  startup_stm32f10x_hd.o(.text)
    TIM8_TRG_COM_IRQHandler                  0x080088e7   Thumb Code     0  startup_stm32f10x_hd.o(.text)
    TIM8_UP_IRQHandler                       0x080088e7   Thumb Code     0  startup_stm32f10x_hd.o(.text)
    UART4_IRQHandler                         0x080088e7   Thumb Code     0  startup_stm32f10x_hd.o(.text)
    UART5_IRQHandler                         0x080088e7   Thumb Code     0  startup_stm32f10x_hd.o(.text)
    USART2_IRQHandler                        0x080088e7   Thumb Code     0  startup_stm32f10x_hd.o(.text)
    USART3_IRQHandler                        0x080088e7   Thumb Code     0  startup_stm32f10x_hd.o(.text)
    USBWakeUp_IRQHandler                     0x080088e7   Thumb Code     0  startup_stm32f10x_hd.o(.text)
    USB_HP_CAN1_TX_IRQHandler                0x080088e7   Thumb Code     0  startup_stm32f10x_hd.o(.text)
    USB_LP_CAN1_RX0_IRQHandler               0x080088e7   Thumb Code     0  startup_stm32f10x_hd.o(.text)
    WWDG_IRQHandler                          0x080088e7   Thumb Code     0  startup_stm32f10x_hd.o(.text)
    __user_initial_stackheap                 0x080088e9   Thumb Code     0  startup_stm32f10x_hd.o(.text)
    GPIO_DeInit                              0x0800890d   Thumb Code   172  stm32f10x_gpio.o(.text)
    GPIO_AFIODeInit                          0x080089b9   Thumb Code    20  stm32f10x_gpio.o(.text)
    GPIO_Init                                0x080089cd   Thumb Code   278  stm32f10x_gpio.o(.text)
    GPIO_StructInit                          0x08008ae3   Thumb Code    16  stm32f10x_gpio.o(.text)
    GPIO_ReadInputDataBit                    0x08008af3   Thumb Code    18  stm32f10x_gpio.o(.text)
    GPIO_ReadInputData                       0x08008b05   Thumb Code     8  stm32f10x_gpio.o(.text)
    GPIO_ReadOutputDataBit                   0x08008b0d   Thumb Code    18  stm32f10x_gpio.o(.text)
    GPIO_ReadOutputData                      0x08008b1f   Thumb Code     8  stm32f10x_gpio.o(.text)
    GPIO_SetBits                             0x08008b27   Thumb Code     4  stm32f10x_gpio.o(.text)
    GPIO_ResetBits                           0x08008b2b   Thumb Code     4  stm32f10x_gpio.o(.text)
    GPIO_WriteBit                            0x08008b2f   Thumb Code    10  stm32f10x_gpio.o(.text)
    GPIO_Write                               0x08008b39   Thumb Code     4  stm32f10x_gpio.o(.text)
    GPIO_PinLockConfig                       0x08008b3d   Thumb Code    18  stm32f10x_gpio.o(.text)
    GPIO_EventOutputConfig                   0x08008b4f   Thumb Code    26  stm32f10x_gpio.o(.text)
    GPIO_EventOutputCmd                      0x08008b69   Thumb Code     6  stm32f10x_gpio.o(.text)
    GPIO_PinRemapConfig                      0x08008b6f   Thumb Code   138  stm32f10x_gpio.o(.text)
    GPIO_EXTILineConfig                      0x08008bf9   Thumb Code    66  stm32f10x_gpio.o(.text)
    GPIO_ETH_MediaInterfaceConfig            0x08008c3b   Thumb Code     8  stm32f10x_gpio.o(.text)
    RCC_DeInit                               0x08008c69   Thumb Code    64  stm32f10x_rcc.o(.text)
    RCC_HSEConfig                            0x08008ca9   Thumb Code    70  stm32f10x_rcc.o(.text)
    RCC_GetFlagStatus                        0x08008cef   Thumb Code    56  stm32f10x_rcc.o(.text)
    RCC_WaitForHSEStartUp                    0x08008d27   Thumb Code    56  stm32f10x_rcc.o(.text)
    RCC_AdjustHSICalibrationValue            0x08008d5f   Thumb Code    20  stm32f10x_rcc.o(.text)
    RCC_HSICmd                               0x08008d73   Thumb Code     6  stm32f10x_rcc.o(.text)
    RCC_PLLConfig                            0x08008d79   Thumb Code    24  stm32f10x_rcc.o(.text)
    RCC_PLLCmd                               0x08008d91   Thumb Code     6  stm32f10x_rcc.o(.text)
    RCC_SYSCLKConfig                         0x08008d97   Thumb Code    18  stm32f10x_rcc.o(.text)
    RCC_GetSYSCLKSource                      0x08008da9   Thumb Code    10  stm32f10x_rcc.o(.text)
    RCC_HCLKConfig                           0x08008db3   Thumb Code    18  stm32f10x_rcc.o(.text)
    RCC_PCLK1Config                          0x08008dc5   Thumb Code    18  stm32f10x_rcc.o(.text)
    RCC_PCLK2Config                          0x08008dd7   Thumb Code    20  stm32f10x_rcc.o(.text)
    RCC_ITConfig                             0x08008deb   Thumb Code    26  stm32f10x_rcc.o(.text)
    RCC_USBCLKConfig                         0x08008e05   Thumb Code     8  stm32f10x_rcc.o(.text)
    RCC_ADCCLKConfig                         0x08008e0d   Thumb Code    18  stm32f10x_rcc.o(.text)
    RCC_LSEConfig                            0x08008e1f   Thumb Code    50  stm32f10x_rcc.o(.text)
    RCC_LSICmd                               0x08008e51   Thumb Code     6  stm32f10x_rcc.o(.text)
    RCC_RTCCLKConfig                         0x08008e57   Thumb Code    12  stm32f10x_rcc.o(.text)
    RCC_RTCCLKCmd                            0x08008e63   Thumb Code     8  stm32f10x_rcc.o(.text)
    RCC_GetClocksFreq                        0x08008e6b   Thumb Code   192  stm32f10x_rcc.o(.text)
    RCC_AHBPeriphClockCmd                    0x08008f2b   Thumb Code    26  stm32f10x_rcc.o(.text)
    RCC_APB2PeriphClockCmd                   0x08008f45   Thumb Code    26  stm32f10x_rcc.o(.text)
    RCC_APB1PeriphClockCmd                   0x08008f5f   Thumb Code    26  stm32f10x_rcc.o(.text)
    RCC_APB2PeriphResetCmd                   0x08008f79   Thumb Code    26  stm32f10x_rcc.o(.text)
    RCC_APB1PeriphResetCmd                   0x08008f93   Thumb Code    26  stm32f10x_rcc.o(.text)
    RCC_BackupResetCmd                       0x08008fad   Thumb Code     8  stm32f10x_rcc.o(.text)
    RCC_ClockSecuritySystemCmd               0x08008fb5   Thumb Code     6  stm32f10x_rcc.o(.text)
    RCC_MCOConfig                            0x08008fbb   Thumb Code     6  stm32f10x_rcc.o(.text)
    RCC_ClearFlag                            0x08008fc1   Thumb Code    14  stm32f10x_rcc.o(.text)
    RCC_GetITStatus                          0x08008fcf   Thumb Code    20  stm32f10x_rcc.o(.text)
    RCC_ClearITPendingBit                    0x08008fe3   Thumb Code     6  stm32f10x_rcc.o(.text)
    USART_DeInit                             0x0800900d   Thumb Code   134  stm32f10x_usart.o(.text)
    USART_Init                               0x08009093   Thumb Code   210  stm32f10x_usart.o(.text)
    USART_StructInit                         0x08009165   Thumb Code    24  stm32f10x_usart.o(.text)
    USART_ClockInit                          0x0800917d   Thumb Code    34  stm32f10x_usart.o(.text)
    USART_ClockStructInit                    0x0800919f   Thumb Code    12  stm32f10x_usart.o(.text)
    USART_Cmd                                0x080091ab   Thumb Code    24  stm32f10x_usart.o(.text)
    USART_ITConfig                           0x080091c3   Thumb Code    74  stm32f10x_usart.o(.text)
    USART_DMACmd                             0x0800920d   Thumb Code    18  stm32f10x_usart.o(.text)
    USART_SetAddress                         0x0800921f   Thumb Code    18  stm32f10x_usart.o(.text)
    USART_WakeUpConfig                       0x08009231   Thumb Code    18  stm32f10x_usart.o(.text)
    USART_ReceiverWakeUpCmd                  0x08009243   Thumb Code    24  stm32f10x_usart.o(.text)
    USART_LINBreakDetectLengthConfig         0x0800925b   Thumb Code    18  stm32f10x_usart.o(.text)
    USART_LINCmd                             0x0800926d   Thumb Code    24  stm32f10x_usart.o(.text)
    USART_SendData                           0x08009285   Thumb Code     8  stm32f10x_usart.o(.text)
    USART_ReceiveData                        0x0800928d   Thumb Code    10  stm32f10x_usart.o(.text)
    USART_SendBreak                          0x08009297   Thumb Code    10  stm32f10x_usart.o(.text)
    USART_SetGuardTime                       0x080092a1   Thumb Code    16  stm32f10x_usart.o(.text)
    USART_SetPrescaler                       0x080092b1   Thumb Code    16  stm32f10x_usart.o(.text)
    USART_SmartCardCmd                       0x080092c1   Thumb Code    24  stm32f10x_usart.o(.text)
    USART_SmartCardNACKCmd                   0x080092d9   Thumb Code    24  stm32f10x_usart.o(.text)
    USART_HalfDuplexCmd                      0x080092f1   Thumb Code    24  stm32f10x_usart.o(.text)
    USART_OverSampling8Cmd                   0x08009309   Thumb Code    22  stm32f10x_usart.o(.text)
    USART_OneBitMethodCmd                    0x0800931f   Thumb Code    24  stm32f10x_usart.o(.text)
    USART_IrDAConfig                         0x08009337   Thumb Code    18  stm32f10x_usart.o(.text)
    USART_IrDACmd                            0x08009349   Thumb Code    24  stm32f10x_usart.o(.text)
    USART_GetFlagStatus                      0x08009361   Thumb Code    26  stm32f10x_usart.o(.text)
    USART_ClearFlag                          0x0800937b   Thumb Code    18  stm32f10x_usart.o(.text)
    USART_GetITStatus                        0x0800938d   Thumb Code    84  stm32f10x_usart.o(.text)
    USART_ClearITPendingBit                  0x080093e1   Thumb Code    52  stm32f10x_usart.o(.text)
    NVIC_PriorityGroupConfig                 0x08009415   Thumb Code    10  misc.o(.text)
    NVIC_Init                                0x0800941f   Thumb Code   100  misc.o(.text)
    NVIC_SetVectorTable                      0x08009483   Thumb Code    14  misc.o(.text)
    NVIC_SystemLPConfig                      0x08009491   Thumb Code    34  misc.o(.text)
    SysTick_CLKSourceConfig                  0x080094b3   Thumb Code    40  misc.o(.text)
    TIM_DeInit                               0x080094f1   Thumb Code   424  stm32f10x_tim.o(.text)
    TIM_TimeBaseInit                         0x08009699   Thumb Code   122  stm32f10x_tim.o(.text)
    TIM_OC1Init                              0x08009713   Thumb Code   132  stm32f10x_tim.o(.text)
    TIM_OC2Init                              0x08009797   Thumb Code   154  stm32f10x_tim.o(.text)
    TIM_OC3Init                              0x08009831   Thumb Code   150  stm32f10x_tim.o(.text)
    TIM_OC4Init                              0x080098c7   Thumb Code   182  stm32f10x_tim.o(.text)
    TIM_SetIC4Prescaler                      0x0800997d   Thumb Code    26  stm32f10x_tim.o(.text)
    TIM_SetIC3Prescaler                      0x08009a19   Thumb Code    18  stm32f10x_tim.o(.text)
    TIM_SetIC2Prescaler                      0x08009aa5   Thumb Code    26  stm32f10x_tim.o(.text)
    TIM_SetIC1Prescaler                      0x08009b41   Thumb Code    18  stm32f10x_tim.o(.text)
    TIM_ICInit                               0x08009bbf   Thumb Code   150  stm32f10x_tim.o(.text)
    TIM_PWMIConfig                           0x08009c55   Thumb Code   124  stm32f10x_tim.o(.text)
    TIM_BDTRConfig                           0x08009cd1   Thumb Code    32  stm32f10x_tim.o(.text)
    TIM_TimeBaseStructInit                   0x08009cf1   Thumb Code    18  stm32f10x_tim.o(.text)
    TIM_OCStructInit                         0x08009d03   Thumb Code    20  stm32f10x_tim.o(.text)
    TIM_ICStructInit                         0x08009d17   Thumb Code    18  stm32f10x_tim.o(.text)
    TIM_BDTRStructInit                       0x08009d29   Thumb Code    40  stm32f10x_tim.o(.text)
    TIM_Cmd                                  0x08009d51   Thumb Code    24  stm32f10x_tim.o(.text)
    TIM_CtrlPWMOutputs                       0x08009d69   Thumb Code    30  stm32f10x_tim.o(.text)
    TIM_ITConfig                             0x08009d87   Thumb Code    18  stm32f10x_tim.o(.text)
    TIM_GenerateEvent                        0x08009d99   Thumb Code     4  stm32f10x_tim.o(.text)
    TIM_DMAConfig                            0x08009d9d   Thumb Code    10  stm32f10x_tim.o(.text)
    TIM_DMACmd                               0x08009da7   Thumb Code    18  stm32f10x_tim.o(.text)
    TIM_InternalClockConfig                  0x08009db9   Thumb Code    12  stm32f10x_tim.o(.text)
    TIM_SelectInputTrigger                   0x08009dc5   Thumb Code    18  stm32f10x_tim.o(.text)
    TIM_ITRxExternalClockConfig              0x08009dd7   Thumb Code    24  stm32f10x_tim.o(.text)
    TIM_TIxExternalClockConfig               0x08009def   Thumb Code    62  stm32f10x_tim.o(.text)
    TIM_ETRConfig                            0x08009e2d   Thumb Code    28  stm32f10x_tim.o(.text)
    TIM_ETRClockMode1Config                  0x08009e49   Thumb Code    54  stm32f10x_tim.o(.text)
    TIM_ETRClockMode2Config                  0x08009e7f   Thumb Code    32  stm32f10x_tim.o(.text)
    TIM_PrescalerConfig                      0x08009e9f   Thumb Code     6  stm32f10x_tim.o(.text)
    TIM_CounterModeConfig                    0x08009ea5   Thumb Code    18  stm32f10x_tim.o(.text)
    TIM_EncoderInterfaceConfig               0x08009eb7   Thumb Code    66  stm32f10x_tim.o(.text)
    TIM_ForcedOC1Config                      0x08009ef9   Thumb Code    18  stm32f10x_tim.o(.text)
    TIM_ForcedOC2Config                      0x08009f0b   Thumb Code    26  stm32f10x_tim.o(.text)
    TIM_ForcedOC3Config                      0x08009f25   Thumb Code    18  stm32f10x_tim.o(.text)
    TIM_ForcedOC4Config                      0x08009f37   Thumb Code    26  stm32f10x_tim.o(.text)
    TIM_ARRPreloadConfig                     0x08009f51   Thumb Code    24  stm32f10x_tim.o(.text)
    TIM_SelectCOM                            0x08009f69   Thumb Code    24  stm32f10x_tim.o(.text)
    TIM_SelectCCDMA                          0x08009f81   Thumb Code    24  stm32f10x_tim.o(.text)
    TIM_CCPreloadControl                     0x08009f99   Thumb Code    24  stm32f10x_tim.o(.text)
    TIM_OC1PreloadConfig                     0x08009fb1   Thumb Code    18  stm32f10x_tim.o(.text)
    TIM_OC2PreloadConfig                     0x08009fc3   Thumb Code    26  stm32f10x_tim.o(.text)
    TIM_OC3PreloadConfig                     0x08009fdd   Thumb Code    18  stm32f10x_tim.o(.text)
    TIM_OC4PreloadConfig                     0x08009fef   Thumb Code    26  stm32f10x_tim.o(.text)
    TIM_OC1FastConfig                        0x0800a009   Thumb Code    18  stm32f10x_tim.o(.text)
    TIM_OC2FastConfig                        0x0800a01b   Thumb Code    26  stm32f10x_tim.o(.text)
    TIM_OC3FastConfig                        0x0800a035   Thumb Code    18  stm32f10x_tim.o(.text)
    TIM_OC4FastConfig                        0x0800a047   Thumb Code    26  stm32f10x_tim.o(.text)
    TIM_ClearOC1Ref                          0x0800a061   Thumb Code    18  stm32f10x_tim.o(.text)
    TIM_ClearOC2Ref                          0x0800a073   Thumb Code    24  stm32f10x_tim.o(.text)
    TIM_ClearOC3Ref                          0x0800a08b   Thumb Code    18  stm32f10x_tim.o(.text)
    TIM_ClearOC4Ref                          0x0800a09d   Thumb Code    24  stm32f10x_tim.o(.text)
    TIM_OC1PolarityConfig                    0x0800a0b5   Thumb Code    18  stm32f10x_tim.o(.text)
    TIM_OC1NPolarityConfig                   0x0800a0c7   Thumb Code    18  stm32f10x_tim.o(.text)
    TIM_OC2PolarityConfig                    0x0800a0d9   Thumb Code    26  stm32f10x_tim.o(.text)
    TIM_OC2NPolarityConfig                   0x0800a0f3   Thumb Code    26  stm32f10x_tim.o(.text)
    TIM_OC3PolarityConfig                    0x0800a10d   Thumb Code    26  stm32f10x_tim.o(.text)
    TIM_OC3NPolarityConfig                   0x0800a127   Thumb Code    26  stm32f10x_tim.o(.text)
    TIM_OC4PolarityConfig                    0x0800a141   Thumb Code    26  stm32f10x_tim.o(.text)
    TIM_CCxCmd                               0x0800a15b   Thumb Code    30  stm32f10x_tim.o(.text)
    TIM_CCxNCmd                              0x0800a179   Thumb Code    30  stm32f10x_tim.o(.text)
    TIM_SelectOCxM                           0x0800a197   Thumb Code    82  stm32f10x_tim.o(.text)
    TIM_UpdateDisableConfig                  0x0800a1e9   Thumb Code    24  stm32f10x_tim.o(.text)
    TIM_UpdateRequestConfig                  0x0800a201   Thumb Code    24  stm32f10x_tim.o(.text)
    TIM_SelectHallSensor                     0x0800a219   Thumb Code    24  stm32f10x_tim.o(.text)
    TIM_SelectOnePulseMode                   0x0800a231   Thumb Code    18  stm32f10x_tim.o(.text)
    TIM_SelectOutputTrigger                  0x0800a243   Thumb Code    18  stm32f10x_tim.o(.text)
    TIM_SelectSlaveMode                      0x0800a255   Thumb Code    18  stm32f10x_tim.o(.text)
    TIM_SelectMasterSlaveMode                0x0800a267   Thumb Code    18  stm32f10x_tim.o(.text)
    TIM_SetCounter                           0x0800a279   Thumb Code     4  stm32f10x_tim.o(.text)
    TIM_SetAutoreload                        0x0800a27d   Thumb Code     4  stm32f10x_tim.o(.text)
    TIM_SetCompare1                          0x0800a281   Thumb Code     4  stm32f10x_tim.o(.text)
    TIM_SetCompare2                          0x0800a285   Thumb Code     4  stm32f10x_tim.o(.text)
    TIM_SetCompare3                          0x0800a289   Thumb Code     4  stm32f10x_tim.o(.text)
    TIM_SetCompare4                          0x0800a28d   Thumb Code     6  stm32f10x_tim.o(.text)
    TIM_SetClockDivision                     0x0800a293   Thumb Code    18  stm32f10x_tim.o(.text)
    TIM_GetCapture1                          0x0800a2a5   Thumb Code     6  stm32f10x_tim.o(.text)
    TIM_GetCapture2                          0x0800a2ab   Thumb Code     6  stm32f10x_tim.o(.text)
    TIM_GetCapture3                          0x0800a2b1   Thumb Code     6  stm32f10x_tim.o(.text)
    TIM_GetCapture4                          0x0800a2b7   Thumb Code     8  stm32f10x_tim.o(.text)
    TIM_GetCounter                           0x0800a2bf   Thumb Code     6  stm32f10x_tim.o(.text)
    TIM_GetPrescaler                         0x0800a2c5   Thumb Code     6  stm32f10x_tim.o(.text)
    TIM_GetFlagStatus                        0x0800a2cb   Thumb Code    18  stm32f10x_tim.o(.text)
    TIM_ClearFlag                            0x0800a2dd   Thumb Code     6  stm32f10x_tim.o(.text)
    TIM_GetITStatus                          0x0800a2e3   Thumb Code    34  stm32f10x_tim.o(.text)
    TIM_ClearITPendingBit                    0x0800a305   Thumb Code     6  stm32f10x_tim.o(.text)
    EXTI_DeInit                              0x0800a30d   Thumb Code    28  stm32f10x_exti.o(.text)
    EXTI_Init                                0x0800a329   Thumb Code   142  stm32f10x_exti.o(.text)
    EXTI_StructInit                          0x0800a3b7   Thumb Code    16  stm32f10x_exti.o(.text)
    EXTI_GenerateSWInterrupt                 0x0800a3c7   Thumb Code    16  stm32f10x_exti.o(.text)
    EXTI_GetFlagStatus                       0x0800a3d7   Thumb Code    22  stm32f10x_exti.o(.text)
    EXTI_ClearFlag                           0x0800a3ed   Thumb Code     8  stm32f10x_exti.o(.text)
    EXTI_GetITStatus                         0x0800a3f5   Thumb Code    34  stm32f10x_exti.o(.text)
    EXTI_ClearITPendingBit                   0x0800a417   Thumb Code     8  stm32f10x_exti.o(.text)
    SPI_I2S_DeInit                           0x0800a429   Thumb Code    76  stm32f10x_spi.o(.text)
    SPI_Init                                 0x0800a475   Thumb Code    60  stm32f10x_spi.o(.text)
    I2S_Init                                 0x0800a4b1   Thumb Code   226  stm32f10x_spi.o(.text)
    SPI_StructInit                           0x0800a593   Thumb Code    24  stm32f10x_spi.o(.text)
    I2S_StructInit                           0x0800a5ab   Thumb Code    20  stm32f10x_spi.o(.text)
    SPI_Cmd                                  0x0800a5bf   Thumb Code    24  stm32f10x_spi.o(.text)
    I2S_Cmd                                  0x0800a5d7   Thumb Code    24  stm32f10x_spi.o(.text)
    SPI_I2S_ITConfig                         0x0800a5ef   Thumb Code    32  stm32f10x_spi.o(.text)
    SPI_I2S_DMACmd                           0x0800a60f   Thumb Code    18  stm32f10x_spi.o(.text)
    SPI_I2S_SendData                         0x0800a621   Thumb Code     4  stm32f10x_spi.o(.text)
    SPI_I2S_ReceiveData                      0x0800a625   Thumb Code     6  stm32f10x_spi.o(.text)
    SPI_NSSInternalSoftwareConfig            0x0800a62b   Thumb Code    30  stm32f10x_spi.o(.text)
    SPI_SSOutputCmd                          0x0800a649   Thumb Code    24  stm32f10x_spi.o(.text)
    SPI_DataSizeConfig                       0x0800a661   Thumb Code    18  stm32f10x_spi.o(.text)
    SPI_TransmitCRC                          0x0800a673   Thumb Code    10  stm32f10x_spi.o(.text)
    SPI_CalculateCRC                         0x0800a67d   Thumb Code    24  stm32f10x_spi.o(.text)
    SPI_GetCRC                               0x0800a695   Thumb Code    16  stm32f10x_spi.o(.text)
    SPI_GetCRCPolynomial                     0x0800a6a5   Thumb Code     6  stm32f10x_spi.o(.text)
    SPI_BiDirectionalLineConfig              0x0800a6ab   Thumb Code    28  stm32f10x_spi.o(.text)
    SPI_I2S_GetFlagStatus                    0x0800a6c7   Thumb Code    18  stm32f10x_spi.o(.text)
    SPI_I2S_ClearFlag                        0x0800a6d9   Thumb Code     6  stm32f10x_spi.o(.text)
    SPI_I2S_GetITStatus                      0x0800a6df   Thumb Code    52  stm32f10x_spi.o(.text)
    SPI_I2S_ClearITPendingBit                0x0800a713   Thumb Code    20  stm32f10x_spi.o(.text)
    exfuns_init                              0x0800a735   Thumb Code   100  exfuns.o(.text)
    char_upper                               0x0800a799   Thumb Code    26  exfuns.o(.text)
    f_typetell                               0x0800a7b3   Thumb Code   188  exfuns.o(.text)
    exf_getfree                              0x0800a86f   Thumb Code    74  exfuns.o(.text)
    mf_mount                                 0x0800a8cd   Thumb Code    20  fattester.o(.text)
    mf_open                                  0x0800a8e1   Thumb Code    24  fattester.o(.text)
    mf_close                                 0x0800a8f9   Thumb Code    14  fattester.o(.text)
    mf_read                                  0x0800a907   Thumb Code   224  fattester.o(.text)
    mf_write                                 0x0800a9e7   Thumb Code    68  fattester.o(.text)
    mf_opendir                               0x0800aa2b   Thumb Code    14  fattester.o(.text)
    mf_closedir                              0x0800aa39   Thumb Code    10  fattester.o(.text)
    mf_readdir                               0x0800aa43   Thumb Code   196  fattester.o(.text)
    mf_scan_files                            0x0800ab07   Thumb Code   114  fattester.o(.text)
    mf_showfree                              0x0800ab79   Thumb Code    88  fattester.o(.text)
    mf_lseek                                 0x0800abd1   Thumb Code    16  fattester.o(.text)
    mf_tell                                  0x0800abe1   Thumb Code     8  fattester.o(.text)
    mf_size                                  0x0800abe9   Thumb Code     8  fattester.o(.text)
    mf_mkdir                                 0x0800abf1   Thumb Code    12  fattester.o(.text)
    mf_fmkfs                                 0x0800abfd   Thumb Code    20  fattester.o(.text)
    mf_unlink                                0x0800ac11   Thumb Code    12  fattester.o(.text)
    mf_rename                                0x0800ac1d   Thumb Code    16  fattester.o(.text)
    mf_getlabel                              0x0800ac2d   Thumb Code    58  fattester.o(.text)
    mf_setlabel                              0x0800ac67   Thumb Code    34  fattester.o(.text)
    mf_gets                                  0x0800ac89   Thumb Code   724  fattester.o(.text)
    mf_putc                                  0x0800af5d   Thumb Code    18  fattester.o(.text)
    mf_puts                                  0x0800af6f   Thumb Code    18  fattester.o(.text)
    ff_convert                               0x0800af85   Thumb Code   146  mycc936.o(.text)
    ff_wtoupper                              0x0800b017   Thumb Code    46  mycc936.o(.text)
    disk_initialize                          0x0800b051   Thumb Code    88  diskio.o(.text)
    disk_status                              0x0800b0a9   Thumb Code     6  diskio.o(.text)
    disk_read                                0x0800b0af   Thumb Code   118  diskio.o(.text)
    disk_write                               0x0800b125   Thumb Code    98  diskio.o(.text)
    disk_ioctl                               0x0800b187   Thumb Code   154  diskio.o(.text)
    get_fattime                              0x0800b221   Thumb Code     4  diskio.o(.text)
    ff_memalloc                              0x0800b225   Thumb Code    12  diskio.o(.text)
    ff_memfree                               0x0800b231   Thumb Code    12  diskio.o(.text)
    clust2sect                               0x0800b3f7   Thumb Code    26  ff.o(.text)
    get_fat                                  0x0800b411   Thumb Code   232  ff.o(.text)
    put_fat                                  0x0800b4f9   Thumb Code   310  ff.o(.text)
    f_mount                                  0x0800c80b   Thumb Code    86  ff.o(.text)
    f_open                                   0x0800c861   Thumb Code   384  ff.o(.text)
    f_read                                   0x0800c9e1   Thumb Code   450  ff.o(.text)
    f_write                                  0x0800cba3   Thumb Code   498  ff.o(.text)
    f_sync                                   0x0800cd95   Thumb Code   176  ff.o(.text)
    f_close                                  0x0800ce45   Thumb Code    32  ff.o(.text)
    f_lseek                                  0x0800ce65   Thumb Code   654  ff.o(.text)
    f_opendir                                0x0800d0f3   Thumb Code   136  ff.o(.text)
    f_closedir                               0x0800d17b   Thumb Code    22  ff.o(.text)
    f_readdir                                0x0800d191   Thumb Code   114  ff.o(.text)
    f_stat                                   0x0800d203   Thumb Code    84  ff.o(.text)
    f_getfree                                0x0800d257   Thumb Code   258  ff.o(.text)
    f_truncate                               0x0800d359   Thumb Code   184  ff.o(.text)
    f_unlink                                 0x0800d411   Thumb Code   194  ff.o(.text)
    f_mkdir                                  0x0800d4d3   Thumb Code   380  ff.o(.text)
    f_chmod                                  0x0800d64f   Thumb Code   112  ff.o(.text)
    f_utime                                  0x0800d6bf   Thumb Code   110  ff.o(.text)
    f_rename                                 0x0800d72d   Thumb Code   314  ff.o(.text)
    f_getlabel                               0x0800d867   Thumb Code   190  ff.o(.text)
    f_setlabel                               0x0800d925   Thumb Code   470  ff.o(.text)
    f_mkfs                                   0x0800dafb   Thumb Code  1570  ff.o(.text)
    f_gets                                   0x0800e11d   Thumb Code    82  ff.o(.text)
    f_putc                                   0x0800e1b3   Thumb Code    64  ff.o(.text)
    f_puts                                   0x0800e1f3   Thumb Code    74  ff.o(.text)
    f_printf                                 0x0800e23d   Thumb Code   674  ff.o(.text)
    mymemcpy                                 0x0800e4e1   Thumb Code    26  malloc.o(.text)
    mymemset                                 0x0800e4fb   Thumb Code    20  malloc.o(.text)
    mem_init                                 0x0800e50f   Thumb Code    38  malloc.o(.text)
    mem_perused                              0x0800e535   Thumb Code    42  malloc.o(.text)
    mem_malloc                               0x0800e55f   Thumb Code   116  malloc.o(.text)
    mem_free                                 0x0800e5d3   Thumb Code    66  malloc.o(.text)
    myfree                                   0x0800e615   Thumb Code    24  malloc.o(.text)
    mymalloc                                 0x0800e62d   Thumb Code    28  malloc.o(.text)
    myrealloc                                0x0800e649   Thumb Code    50  malloc.o(.text)
    fupd_prog                                0x0800e681   Thumb Code   134  fontupd.o(.text)
    updata_fontx                             0x0800e707   Thumb Code   340  fontupd.o(.text)
    update_font                              0x0800e85b   Thumb Code   330  fontupd.o(.text)
    font_init                                0x0800e9a5   Thumb Code    34  fontupd.o(.text)
    Get_HzMat                                0x0800ea45   Thumb Code   220  text.o(.text)
    Show_Font                                0x0800eb21   Thumb Code   190  text.o(.text)
    Show_Str                                 0x0800ebdf   Thumb Code   192  text.o(.text)
    Show_Str_Mid                             0x0800ec9f   Thumb Code   106  text.o(.text)
    usmart_sys_cmd_exe                       0x0800ed19   Thumb Code  1554  usmart.o(.text)
    usmart_reset_runtime                     0x0800f32b   Thumb Code    38  usmart.o(.text)
    usmart_get_runtime                       0x0800f351   Thumb Code    56  usmart.o(.text)
    TIM4_IRQHandler                          0x0800f389   Thumb Code    50  usmart.o(.text)
    Timer4_Init                              0x0800f3bb   Thumb Code    94  usmart.o(.text)
    usmart_init                              0x0800f419   Thumb Code    36  usmart.o(.text)
    usmart_cmd_rec                           0x0800f43d   Thumb Code   170  usmart.o(.text)
    usmart_exe                               0x0800f4e7   Thumb Code   872  usmart.o(.text)
    usmart_scan                              0x0800f84f   Thumb Code   120  usmart.o(.text)
    read_addr                                0x0800f8c7   Thumb Code     6  usmart.o(.text)
    write_addr                               0x0800f8cd   Thumb Code     4  usmart.o(.text)
    usmart_strcmp                            0x0800f959   Thumb Code    34  usmart_str.o(.text)
    usmart_strcopy                           0x0800f97b   Thumb Code    22  usmart_str.o(.text)
    usmart_strlen                            0x0800f991   Thumb Code    24  usmart_str.o(.text)
    usmart_pow                               0x0800f9a9   Thumb Code    22  usmart_str.o(.text)
    usmart_str2num                           0x0800f9bf   Thumb Code   202  usmart_str.o(.text)
    usmart_get_cmdname                       0x0800fa89   Thumb Code    54  usmart_str.o(.text)
    usmart_search_nextc                      0x0800fabf   Thumb Code    22  usmart_str.o(.text)
    usmart_get_fname                         0x0800fad5   Thumb Code   440  usmart_str.o(.text)
    usmart_get_aparm                         0x0800fc8d   Thumb Code   200  usmart_str.o(.text)
    usmart_get_parmpos                       0x0800fd55   Thumb Code    26  usmart_str.o(.text)
    usmart_get_fparam                        0x0800fd6f   Thumb Code   262  usmart_str.o(.text)
    __use_no_semihosting                     0x0800fe81   Thumb Code     2  use_no_semi_2.o(.text)
    __2printf                                0x0800fe85   Thumb Code    20  noretval__2printf.o(.text)
    _printf_pre_padding                      0x0800fe9d   Thumb Code    44  _printf_pad.o(.text)
    _printf_post_padding                     0x0800fec9   Thumb Code    34  _printf_pad.o(.text)
    _printf_str                              0x0800feeb   Thumb Code    82  _printf_str.o(.text)
    _printf_int_dec                          0x0800ff3d   Thumb Code   104  _printf_dec.o(.text)
    _printf_int_hex                          0x0800ffb5   Thumb Code    84  _printf_hex_int.o(.text)
    _printf_longlong_hex                     0x0800ffb5   Thumb Code     0  _printf_hex_int.o(.text)
    __printf                                 0x0801000d   Thumb Code   388  __printf_flags_ss_wp.o(.text)
    strcpy                                   0x08010195   Thumb Code    72  strcpy.o(.text)
    strlen                                   0x080101dd   Thumb Code    62  strlen.o(.text)
    strcmp                                   0x0801021d   Thumb Code   128  strcmpv7m.o(.text)
    __use_two_region_memory                  0x0801029d   Thumb Code     2  heapauxi.o(.text)
    __rt_heap_escrow$2region                 0x0801029f   Thumb Code     2  heapauxi.o(.text)
    __rt_heap_expand$2region                 0x080102a1   Thumb Code     2  heapauxi.o(.text)
    __I$use$semihosting                      0x080102a3   Thumb Code     0  use_no_semi.o(.text)
    __use_no_semihosting_swi                 0x080102a3   Thumb Code     2  use_no_semi.o(.text)
    __read_errno                             0x080102a5   Thumb Code    10  _rserrno.o(.text)
    __set_errno                              0x080102af   Thumb Code    12  _rserrno.o(.text)
    _printf_int_common                       0x080102bb   Thumb Code   178  _printf_intcommon.o(.text)
    _printf_cs_common                        0x0801036d   Thumb Code    20  _printf_char.o(.text)
    _printf_char                             0x08010381   Thumb Code    16  _printf_char.o(.text)
    _printf_string                           0x08010391   Thumb Code     8  _printf_char.o(.text)
    _printf_char_file                        0x08010399   Thumb Code    32  _printf_char_file.o(.text)
    __aeabi_errno_addr                       0x080103bd   Thumb Code     8  rt_errno_addr_intlibspace.o(.text)
    __errno$intlibspace                      0x080103bd   Thumb Code     0  rt_errno_addr_intlibspace.o(.text)
    __rt_errno_addr$intlibspace              0x080103bd   Thumb Code     0  rt_errno_addr_intlibspace.o(.text)
    _printf_char_common                      0x080103cf   Thumb Code    32  _printf_char_common.o(.text)
    ferror                                   0x080103f5   Thumb Code     8  ferror.o(.text)
    __user_libspace                          0x080103fd   Thumb Code     8  libspace.o(.text)
    __user_perproc_libspace                  0x080103fd   Thumb Code     0  libspace.o(.text)
    __user_perthread_libspace                0x080103fd   Thumb Code     0  libspace.o(.text)
    __user_setup_stackheap                   0x08010405   Thumb Code    74  sys_stackheap_outer.o(.text)
    exit                                     0x0801044f   Thumb Code    12  exit.o(.text)
    __ARM_fpclassify                         0x0801045b   Thumb Code    40  fpclassify.o(i.__ARM_fpclassify)
    __ieee754_rem_pio2                       0x08010485   Thumb Code   828  rred.o(i.__ieee754_rem_pio2)
    __kernel_cos                             0x0801080d   Thumb Code   230  cos_i.o(i.__kernel_cos)
    __kernel_poly                            0x08010909   Thumb Code   170  poly.o(i.__kernel_poly)
    __kernel_sin                             0x080109b5   Thumb Code   224  sin_i.o(i.__kernel_sin)
    __mathlib_dbl_infnan                     0x08010aa1   Thumb Code     6  dunder.o(i.__mathlib_dbl_infnan)
    __mathlib_dbl_invalid                    0x08010aa7   Thumb Code    12  dunder.o(i.__mathlib_dbl_invalid)
    __mathlib_dbl_underflow                  0x08010ab5   Thumb Code    10  dunder.o(i.__mathlib_dbl_underflow)
    _is_digit                                0x08010ac5   Thumb Code    14  __printf_wp.o(i._is_digit)
    __mathlib_ceilf                          0x08010ad5   Thumb Code     0  ceilf.o(i.ceilf)
    ceilf                                    0x08010ad5   Thumb Code   110  ceilf.o(i.ceilf)
    cos                                      0x08010b4d   Thumb Code   148  cos.o(i.cos)
    sin                                      0x08010be9   Thumb Code   150  sin.o(i.sin)
    __aeabi_d2f                              0x08010c89   Thumb Code     0  d2f.o(x$fpl$d2f)
    _d2f                                     0x08010c89   Thumb Code    98  d2f.o(x$fpl$d2f)
    __aeabi_dadd                             0x08010ced   Thumb Code     0  daddsub_clz.o(x$fpl$dadd)
    _dadd                                    0x08010ced   Thumb Code   332  daddsub_clz.o(x$fpl$dadd)
    __fpl_dcheck_NaN1                        0x08010e3d   Thumb Code    10  dcheck1.o(x$fpl$dcheck1)
    __aeabi_ddiv                             0x08010e4d   Thumb Code     0  ddiv.o(x$fpl$ddiv)
    _ddiv                                    0x08010e4d   Thumb Code   552  ddiv.o(x$fpl$ddiv)
    __aeabi_d2iz                             0x080110fd   Thumb Code     0  dfix.o(x$fpl$dfix)
    _dfix                                    0x080110fd   Thumb Code    94  dfix.o(x$fpl$dfix)
    __aeabi_d2uiz                            0x0801115d   Thumb Code     0  dfixu.o(x$fpl$dfixu)
    _dfixu                                   0x0801115d   Thumb Code    90  dfixu.o(x$fpl$dfixu)
    __aeabi_i2d                              0x080111b7   Thumb Code     0  dflt_clz.o(x$fpl$dflt)
    _dflt                                    0x080111b7   Thumb Code    46  dflt_clz.o(x$fpl$dflt)
    __aeabi_ui2d                             0x080111e5   Thumb Code     0  dflt_clz.o(x$fpl$dfltu)
    _dfltu                                   0x080111e5   Thumb Code    38  dflt_clz.o(x$fpl$dfltu)
    __aeabi_dmul                             0x0801120d   Thumb Code     0  dmul.o(x$fpl$dmul)
    _dmul                                    0x0801120d   Thumb Code   332  dmul.o(x$fpl$dmul)
    __fpl_dnaninf                            0x08011361   Thumb Code   156  dnaninf.o(x$fpl$dnaninf)
    __fpl_dretinf                            0x080113fd   Thumb Code    12  dretinf.o(x$fpl$dretinf)
    __aeabi_drsub                            0x08011409   Thumb Code     0  daddsub_clz.o(x$fpl$drsb)
    _drsb                                    0x08011409   Thumb Code    22  daddsub_clz.o(x$fpl$drsb)
    __aeabi_dsub                             0x08011421   Thumb Code     0  daddsub_clz.o(x$fpl$dsub)
    _dsub                                    0x08011421   Thumb Code   464  daddsub_clz.o(x$fpl$dsub)
    __aeabi_f2d                              0x080115f5   Thumb Code     0  f2d.o(x$fpl$f2d)
    _f2d                                     0x080115f5   Thumb Code    86  f2d.o(x$fpl$f2d)
    __aeabi_fadd                             0x0801164d   Thumb Code     0  faddsub_clz.o(x$fpl$fadd)
    _fadd                                    0x0801164d   Thumb Code   196  faddsub_clz.o(x$fpl$fadd)
    __fpl_fcmp_Inf                           0x08011711   Thumb Code    24  fcmpi.o(x$fpl$fcmpinf)
    __aeabi_fdiv                             0x08011729   Thumb Code     0  fdiv.o(x$fpl$fdiv)
    _fdiv                                    0x08011729   Thumb Code   384  fdiv.o(x$fpl$fdiv)
    __aeabi_cfcmpeq                          0x080118ad   Thumb Code     0  feqf.o(x$fpl$feqf)
    _fcmpeq                                  0x080118ad   Thumb Code   104  feqf.o(x$fpl$feqf)
    __aeabi_f2iz                             0x08011915   Thumb Code     0  ffix.o(x$fpl$ffix)
    _ffix                                    0x08011915   Thumb Code    54  ffix.o(x$fpl$ffix)
    __aeabi_f2uiz                            0x0801194d   Thumb Code     0  ffixu.o(x$fpl$ffixu)
    _ffixu                                   0x0801194d   Thumb Code    62  ffixu.o(x$fpl$ffixu)
    __aeabi_ui2f                             0x0801198d   Thumb Code     0  fflt_clz.o(x$fpl$ffltu)
    _ffltu                                   0x0801198d   Thumb Code    38  fflt_clz.o(x$fpl$ffltu)
    __aeabi_cfcmple                          0x080119b5   Thumb Code     0  fleqf.o(x$fpl$fleqf)
    _fcmple                                  0x080119b5   Thumb Code   104  fleqf.o(x$fpl$fleqf)
    __fpl_fcmple_InfNaN                      0x08011a07   Thumb Code     0  fleqf.o(x$fpl$fleqf)
    __aeabi_fmul                             0x08011a1d   Thumb Code     0  fmul.o(x$fpl$fmul)
    _fmul                                    0x08011a1d   Thumb Code   258  fmul.o(x$fpl$fmul)
    __fpl_fnaninf                            0x08011b1f   Thumb Code   140  fnaninf.o(x$fpl$fnaninf)
    __fpl_fretinf                            0x08011bab   Thumb Code    10  fretinf.o(x$fpl$fretinf)
    __aeabi_fsub                             0x08011bb5   Thumb Code     0  faddsub_clz.o(x$fpl$fsub)
    _fsub                                    0x08011bb5   Thumb Code   234  faddsub_clz.o(x$fpl$fsub)
    __fpl_return_NaN                         0x08011c9f   Thumb Code   100  retnan.o(x$fpl$retnan)
    __ARM_scalbn                             0x08011d03   Thumb Code    92  scalbn.o(x$fpl$scalbn)
    __fpl_cmpreturn                          0x08011d5f   Thumb Code    48  trapv.o(x$fpl$trapveneer)
    __I$use$fp                               0x08011d8e   Number         0  usenofp.o(x$fpl$usenofp)
    asc2_1206                                0x08011d8e   Data        1140  lcd.o(.constdata)
    asc2_1608                                0x08012202   Data        1520  lcd.o(.constdata)
    asc2_2412                                0x080127f2   Data        3420  lcd.o(.constdata)
    Region$$Table$$Base                      0x08013e50   Number         0  anon$$obj.o(Region$$Table)
    Region$$Table$$Limit                     0x08013e70   Number         0  anon$$obj.o(Region$$Table)
    SystemCoreClock                          0x20000000   Data           4  system_stm32f10x.o(.data)
    AHBPrescTable                            0x20000004   Data          16  system_stm32f10x.o(.data)
    POINT_COLOR                              0x20000014   Data           2  lcd.o(.data)
    BACK_COLOR                               0x20000016   Data           2  lcd.o(.data)
    SD_Type                                  0x20000019   Data           1  mmc_sd.o(.data)
    SPI_FLASH_TYPE                           0x2000001a   Data           2  flash.o(.data)
    __stdout                                 0x20000024   Data           4  usart.o(.data)
    USART_RX_STA                             0x20000028   Data           2  usart.o(.data)
    FILE_TYPE_TBL                            0x20000040   Data         312  exfuns.o(.data)
    fs                                       0x20000178   Data           8  exfuns.o(.data)
    file                                     0x20000180   Data           4  exfuns.o(.data)
    ftemp                                    0x20000184   Data           4  exfuns.o(.data)
    br                                       0x20000188   Data           4  exfuns.o(.data)
    bw                                       0x2000018c   Data           4  exfuns.o(.data)
    fatbuf                                   0x20000190   Data           4  exfuns.o(.data)
    FLASH_SECTOR_COUNT                       0x20000194   Data           2  diskio.o(.data)
    mallco_dev                               0x200001a4   Data          20  malloc.o(.data)
    GBK24_PATH                               0x200001b8   Data           4  fontupd.o(.data)
    GBK16_PATH                               0x200001bc   Data           4  fontupd.o(.data)
    GBK12_PATH                               0x200001c0   Data           4  fontupd.o(.data)
    UNIGBK_PATH                              0x200001c4   Data           4  fontupd.o(.data)
    sys_cmd_tab                              0x200001c8   Data          28  usmart.o(.data)
    usmart_nametab                           0x200001e4   Data         208  usmart_config.o(.data)
    usmart_dev                               0x200002b4   Data         244  usmart_config.o(.data)
    lcddev                                   0x200003a8   Data          14  lcd.o(.bss)
    SPI_InitStructure                        0x200003b6   Data          18  spi.o(.bss)
    MyClock                                  0x200003c8   Data          44  clock.o(.bss)
    USART_RX_BUF                             0x200003f4   Data         200  usart.o(.bss)
    fileinfo                                 0x200004bc   Data          32  exfuns.o(.bss)
    dir                                      0x200004dc   Data          36  exfuns.o(.bss)
    membase                                  0x20000500   Data       35840  malloc.o(.bss)
    memmapbase                               0x20009100   Data        2240  malloc.o(.bss)
    ftinfo                                   0x200099c0   Data          33  fontupd.o(.bss)
    __libspace_start                         0x200099e4   Data          96  libspace.o(.bss)
    __temporary_stack_top$libspace           0x20009a44   Data           0  libspace.o(.bss)



==============================================================================

Memory Map of the image

  Image Entry point : 0x08000131

  Load Region LR_IROM1 (Base: 0x08000000, Size: 0x00014218, Max: 0x00040000, ABSOLUTE, COMPRESSED[0x00013fd0])

    Execution Region ER_IROM1 (Base: 0x08000000, Size: 0x00013e70, Max: 0x00040000, ABSOLUTE)

    Base Addr    Size         Type   Attr      Idx    E Section Name        Object

    0x08000000   0x00000130   Data   RO          447    RESET               startup_stm32f10x_hd.o
    0x08000130   0x00000008   Code   RO          815  * !!!main             c_w.l(__main.o)
    0x08000138   0x00000034   Code   RO         1124    !!!scatter          c_w.l(__scatter.o)
    0x0800016c   0x0000005a   Code   RO         1122    !!dczerorl2         c_w.l(__dczerorl2.o)
    0x080001c6   0x00000002   PAD
    0x080001c8   0x0000001c   Code   RO         1126    !!handler_zi        c_w.l(__scatter_zi.o)
    0x080001e4   0x00000000   Code   RO          806    .ARM.Collect$$_printf_percent$$00000000  c_w.l(_printf_percent.o)
    0x080001e4   0x00000006   Code   RO          804    .ARM.Collect$$_printf_percent$$00000009  c_w.l(_printf_d.o)
    0x080001ea   0x00000006   Code   RO          805    .ARM.Collect$$_printf_percent$$0000000A  c_w.l(_printf_u.o)
    0x080001f0   0x00000006   Code   RO          803    .ARM.Collect$$_printf_percent$$0000000C  c_w.l(_printf_x.o)
    0x080001f6   0x00000006   Code   RO          801    .ARM.Collect$$_printf_percent$$00000013  c_w.l(_printf_c.o)
    0x080001fc   0x00000006   Code   RO          802    .ARM.Collect$$_printf_percent$$00000014  c_w.l(_printf_s.o)
    0x08000202   0x00000004   Code   RO          900    .ARM.Collect$$_printf_percent$$00000017  c_w.l(_printf_percent_end.o)
    0x08000206   0x00000002   Code   RO          994    .ARM.Collect$$libinit$$00000000  c_w.l(libinit.o)
    0x08000208   0x00000000   Code   RO         1000    .ARM.Collect$$libinit$$00000002  c_w.l(libinit2.o)
    0x08000208   0x00000000   Code   RO         1002    .ARM.Collect$$libinit$$00000004  c_w.l(libinit2.o)
    0x08000208   0x00000000   Code   RO         1005    .ARM.Collect$$libinit$$0000000A  c_w.l(libinit2.o)
    0x08000208   0x00000000   Code   RO         1007    .ARM.Collect$$libinit$$0000000C  c_w.l(libinit2.o)
    0x08000208   0x00000000   Code   RO         1009    .ARM.Collect$$libinit$$0000000E  c_w.l(libinit2.o)
    0x08000208   0x00000000   Code   RO         1012    .ARM.Collect$$libinit$$00000011  c_w.l(libinit2.o)
    0x08000208   0x00000000   Code   RO         1014    .ARM.Collect$$libinit$$00000013  c_w.l(libinit2.o)
    0x08000208   0x00000000   Code   RO         1016    .ARM.Collect$$libinit$$00000015  c_w.l(libinit2.o)
    0x08000208   0x00000000   Code   RO         1018    .ARM.Collect$$libinit$$00000017  c_w.l(libinit2.o)
    0x08000208   0x00000000   Code   RO         1020    .ARM.Collect$$libinit$$00000019  c_w.l(libinit2.o)
    0x08000208   0x00000000   Code   RO         1022    .ARM.Collect$$libinit$$0000001B  c_w.l(libinit2.o)
    0x08000208   0x00000000   Code   RO         1024    .ARM.Collect$$libinit$$0000001D  c_w.l(libinit2.o)
    0x08000208   0x00000000   Code   RO         1026    .ARM.Collect$$libinit$$0000001F  c_w.l(libinit2.o)
    0x08000208   0x00000000   Code   RO         1028    .ARM.Collect$$libinit$$00000021  c_w.l(libinit2.o)
    0x08000208   0x00000000   Code   RO         1030    .ARM.Collect$$libinit$$00000023  c_w.l(libinit2.o)
    0x08000208   0x00000000   Code   RO         1032    .ARM.Collect$$libinit$$00000025  c_w.l(libinit2.o)
    0x08000208   0x00000000   Code   RO         1036    .ARM.Collect$$libinit$$0000002C  c_w.l(libinit2.o)
    0x08000208   0x00000000   Code   RO         1038    .ARM.Collect$$libinit$$0000002E  c_w.l(libinit2.o)
    0x08000208   0x00000000   Code   RO         1040    .ARM.Collect$$libinit$$00000030  c_w.l(libinit2.o)
    0x08000208   0x00000000   Code   RO         1042    .ARM.Collect$$libinit$$00000032  c_w.l(libinit2.o)
    0x08000208   0x00000002   Code   RO         1043    .ARM.Collect$$libinit$$00000033  c_w.l(libinit2.o)
    0x0800020a   0x00000002   Code   RO         1065    .ARM.Collect$$libshutdown$$00000000  c_w.l(libshutdown.o)
    0x0800020c   0x00000000   Code   RO         1076    .ARM.Collect$$libshutdown$$00000003  c_w.l(libshutdown2.o)
    0x0800020c   0x00000000   Code   RO         1079    .ARM.Collect$$libshutdown$$00000006  c_w.l(libshutdown2.o)
    0x0800020c   0x00000000   Code   RO         1082    .ARM.Collect$$libshutdown$$00000009  c_w.l(libshutdown2.o)
    0x0800020c   0x00000000   Code   RO         1084    .ARM.Collect$$libshutdown$$0000000B  c_w.l(libshutdown2.o)
    0x0800020c   0x00000000   Code   RO         1087    .ARM.Collect$$libshutdown$$0000000E  c_w.l(libshutdown2.o)
    0x0800020c   0x00000002   Code   RO         1088    .ARM.Collect$$libshutdown$$0000000F  c_w.l(libshutdown2.o)
    0x0800020e   0x00000000   Code   RO          891    .ARM.Collect$$rtentry$$00000000  c_w.l(__rtentry.o)
    0x0800020e   0x00000000   Code   RO          941    .ARM.Collect$$rtentry$$00000002  c_w.l(__rtentry2.o)
    0x0800020e   0x00000006   Code   RO          953    .ARM.Collect$$rtentry$$00000004  c_w.l(__rtentry4.o)
    0x08000214   0x00000000   Code   RO          943    .ARM.Collect$$rtentry$$00000009  c_w.l(__rtentry2.o)
    0x08000214   0x00000004   Code   RO          944    .ARM.Collect$$rtentry$$0000000A  c_w.l(__rtentry2.o)
    0x08000218   0x00000000   Code   RO          946    .ARM.Collect$$rtentry$$0000000C  c_w.l(__rtentry2.o)
    0x08000218   0x00000008   Code   RO          947    .ARM.Collect$$rtentry$$0000000D  c_w.l(__rtentry2.o)
    0x08000220   0x00000002   Code   RO          997    .ARM.Collect$$rtexit$$00000000  c_w.l(rtexit.o)
    0x08000222   0x00000000   Code   RO         1047    .ARM.Collect$$rtexit$$00000002  c_w.l(rtexit2.o)
    0x08000222   0x00000004   Code   RO         1048    .ARM.Collect$$rtexit$$00000003  c_w.l(rtexit2.o)
    0x08000226   0x00000006   Code   RO         1049    .ARM.Collect$$rtexit$$00000004  c_w.l(rtexit2.o)
    0x0800022c   0x000002d8   Code   RO            1    .text               main.o
    0x08000504   0x0000001a   Code   RO          174    .text               stm32f10x_it.o
    0x0800051e   0x00000002   PAD
    0x08000520   0x000001e0   Code   RO          215    .text               system_stm32f10x.o
    0x08000700   0x00005850   Code   RO          233    .text               lcd.o
    0x08005f50   0x000000b4   Code   RO          263    .text               timer.o
    0x08006004   0x000004d8   Code   RO          278    .text               exti.o
    0x080064dc   0x000000fc   Code   RO          290    .text               key.o
    0x080065d8   0x000000e8   Code   RO          303    .text               spi.o
    0x080066c0   0x00000524   Code   RO          321    .text               mmc_sd.o
    0x08006be4   0x00000358   Code   RO          339    .text               flash.o
    0x08006f3c   0x0000177c   Code   RO          361    .text               clock.o
    0x080086b8   0x000000d4   Code   RO          381    .text               delay.o
    0x0800878c   0x00000140   Code   RO          412    .text               usart.o
    0x080088cc   0x00000040   Code   RO          448    .text               startup_stm32f10x_hd.o
    0x0800890c   0x0000035c   Code   RO          452    .text               stm32f10x_gpio.o
    0x08008c68   0x000003a4   Code   RO          464    .text               stm32f10x_rcc.o
    0x0800900c   0x00000408   Code   RO          478    .text               stm32f10x_usart.o
    0x08009414   0x000000dc   Code   RO          490    .text               misc.o
    0x080094f0   0x00000e1a   Code   RO          502    .text               stm32f10x_tim.o
    0x0800a30a   0x00000002   PAD
    0x0800a30c   0x0000011c   Code   RO          514    .text               stm32f10x_exti.o
    0x0800a428   0x0000030c   Code   RO          526    .text               stm32f10x_spi.o
    0x0800a734   0x00000198   Code   RO          538    .text               exfuns.o
    0x0800a8cc   0x000006b8   Code   RO          571    .text               fattester.o
    0x0800af84   0x000000cc   Code   RO          594    .text               mycc936.o
    0x0800b050   0x000001f8   Code   RO          611    .text               diskio.o
    0x0800b248   0x00003296   Code   RO          629    .text               ff.o
    0x0800e4de   0x00000002   PAD
    0x0800e4e0   0x000001a0   Code   RO          647    .text               malloc.o
    0x0800e680   0x000003c4   Code   RO          667    .text               fontupd.o
    0x0800ea44   0x000002d4   Code   RO          688    .text               text.o
    0x0800ed18   0x00000c40   Code   RO          703    .text               usmart.o
    0x0800f958   0x00000528   Code   RO          732    .text               usmart_str.o
    0x0800fe80   0x00000002   Code   RO          746    .text               c_w.l(use_no_semi_2.o)
    0x0800fe82   0x00000002   PAD
    0x0800fe84   0x00000018   Code   RO          750    .text               c_w.l(noretval__2printf.o)
    0x0800fe9c   0x0000004e   Code   RO          754    .text               c_w.l(_printf_pad.o)
    0x0800feea   0x00000052   Code   RO          756    .text               c_w.l(_printf_str.o)
    0x0800ff3c   0x00000078   Code   RO          758    .text               c_w.l(_printf_dec.o)
    0x0800ffb4   0x00000058   Code   RO          763    .text               c_w.l(_printf_hex_int.o)
    0x0801000c   0x00000188   Code   RO          798    .text               c_w.l(__printf_flags_ss_wp.o)
    0x08010194   0x00000048   Code   RO          807    .text               c_w.l(strcpy.o)
    0x080101dc   0x0000003e   Code   RO          809    .text               c_w.l(strlen.o)
    0x0801021a   0x00000002   PAD
    0x0801021c   0x00000080   Code   RO          811    .text               c_w.l(strcmpv7m.o)
    0x0801029c   0x00000006   Code   RO          813    .text               c_w.l(heapauxi.o)
    0x080102a2   0x00000002   Code   RO          889    .text               c_w.l(use_no_semi.o)
    0x080102a4   0x00000016   Code   RO          892    .text               c_w.l(_rserrno.o)
    0x080102ba   0x000000b2   Code   RO          894    .text               c_w.l(_printf_intcommon.o)
    0x0801036c   0x0000002c   Code   RO          896    .text               c_w.l(_printf_char.o)
    0x08010398   0x00000024   Code   RO          898    .text               c_w.l(_printf_char_file.o)
    0x080103bc   0x00000008   Code   RO          958    .text               c_w.l(rt_errno_addr_intlibspace.o)
    0x080103c4   0x00000030   Code   RO          960    .text               c_w.l(_printf_char_common.o)
    0x080103f4   0x00000008   Code   RO          962    .text               c_w.l(ferror.o)
    0x080103fc   0x00000008   Code   RO          980    .text               c_w.l(libspace.o)
    0x08010404   0x0000004a   Code   RO          983    .text               c_w.l(sys_stackheap_outer.o)
    0x0801044e   0x0000000c   Code   RO          987    .text               c_w.l(exit.o)
    0x0801045a   0x00000028   Code   RO          976    i.__ARM_fpclassify  m_ws.l(fpclassify.o)
    0x08010482   0x00000002   PAD
    0x08010484   0x00000388   Code   RO          929    i.__ieee754_rem_pio2  m_ws.l(rred.o)
    0x0801080c   0x000000fc   Code   RO          912    i.__kernel_cos      m_ws.l(cos_i.o)
    0x08010908   0x000000aa   Code   RO          978    i.__kernel_poly     m_ws.l(poly.o)
    0x080109b2   0x00000002   PAD
    0x080109b4   0x000000ec   Code   RO          934    i.__kernel_sin      m_ws.l(sin_i.o)
    0x08010aa0   0x00000006   Code   RO          916    i.__mathlib_dbl_infnan  m_ws.l(dunder.o)
    0x08010aa6   0x0000000c   Code   RO          918    i.__mathlib_dbl_invalid  m_ws.l(dunder.o)
    0x08010ab2   0x00000002   PAD
    0x08010ab4   0x00000010   Code   RO          921    i.__mathlib_dbl_underflow  m_ws.l(dunder.o)
    0x08010ac4   0x0000000e   Code   RO          791    i._is_digit         c_w.l(__printf_wp.o)
    0x08010ad2   0x00000002   PAD
    0x08010ad4   0x00000078   Code   RO          870    i.ceilf             m_ws.l(ceilf.o)
    0x08010b4c   0x0000009c   Code   RO          874    i.cos               m_ws.l(cos.o)
    0x08010be8   0x000000a0   Code   RO          882    i.sin               m_ws.l(sin.o)
    0x08010c88   0x00000062   Code   RO          817    x$fpl$d2f           fz_ws.l(d2f.o)
    0x08010cea   0x00000002   PAD
    0x08010cec   0x00000150   Code   RO          819    x$fpl$dadd          fz_ws.l(daddsub_clz.o)
    0x08010e3c   0x00000010   Code   RO          995    x$fpl$dcheck1       fz_ws.l(dcheck1.o)
    0x08010e4c   0x000002b0   Code   RO          967    x$fpl$ddiv          fz_ws.l(ddiv.o)
    0x080110fc   0x0000005e   Code   RO          970    x$fpl$dfix          fz_ws.l(dfix.o)
    0x0801115a   0x00000002   PAD
    0x0801115c   0x0000005a   Code   RO          825    x$fpl$dfixu         fz_ws.l(dfixu.o)
    0x080111b6   0x0000002e   Code   RO          830    x$fpl$dflt          fz_ws.l(dflt_clz.o)
    0x080111e4   0x00000026   Code   RO          829    x$fpl$dfltu         fz_ws.l(dflt_clz.o)
    0x0801120a   0x00000002   PAD
    0x0801120c   0x00000154   Code   RO          835    x$fpl$dmul          fz_ws.l(dmul.o)
    0x08011360   0x0000009c   Code   RO          901    x$fpl$dnaninf       fz_ws.l(dnaninf.o)
    0x080113fc   0x0000000c   Code   RO          903    x$fpl$dretinf       fz_ws.l(dretinf.o)
    0x08011408   0x00000016   Code   RO          820    x$fpl$drsb          fz_ws.l(daddsub_clz.o)
    0x0801141e   0x00000002   PAD
    0x08011420   0x000001d4   Code   RO          821    x$fpl$dsub          fz_ws.l(daddsub_clz.o)
    0x080115f4   0x00000056   Code   RO          837    x$fpl$f2d           fz_ws.l(f2d.o)
    0x0801164a   0x00000002   PAD
    0x0801164c   0x000000c4   Code   RO          839    x$fpl$fadd          fz_ws.l(faddsub_clz.o)
    0x08011710   0x00000018   Code   RO          905    x$fpl$fcmpinf       fz_ws.l(fcmpi.o)
    0x08011728   0x00000184   Code   RO          846    x$fpl$fdiv          fz_ws.l(fdiv.o)
    0x080118ac   0x00000068   Code   RO          849    x$fpl$feqf          fz_ws.l(feqf.o)
    0x08011914   0x00000036   Code   RO          851    x$fpl$ffix          fz_ws.l(ffix.o)
    0x0801194a   0x00000002   PAD
    0x0801194c   0x0000003e   Code   RO          855    x$fpl$ffixu         fz_ws.l(ffixu.o)
    0x0801198a   0x00000002   PAD
    0x0801198c   0x00000026   Code   RO          859    x$fpl$ffltu         fz_ws.l(fflt_clz.o)
    0x080119b2   0x00000002   PAD
    0x080119b4   0x00000068   Code   RO          865    x$fpl$fleqf         fz_ws.l(fleqf.o)
    0x08011a1c   0x00000102   Code   RO          867    x$fpl$fmul          fz_ws.l(fmul.o)
    0x08011b1e   0x0000008c   Code   RO          907    x$fpl$fnaninf       fz_ws.l(fnaninf.o)
    0x08011baa   0x0000000a   Code   RO          909    x$fpl$fretinf       fz_ws.l(fretinf.o)
    0x08011bb4   0x000000ea   Code   RO          841    x$fpl$fsub          fz_ws.l(faddsub_clz.o)
    0x08011c9e   0x00000064   Code   RO         1044    x$fpl$retnan        fz_ws.l(retnan.o)
    0x08011d02   0x0000005c   Code   RO          974    x$fpl$scalbn        fz_ws.l(scalbn.o)
    0x08011d5e   0x00000030   Code   RO         1057    x$fpl$trapveneer    fz_ws.l(trapv.o)
    0x08011d8e   0x00000000   Code   RO          911    x$fpl$usenofp       fz_ws.l(usenofp.o)
    0x08011d8e   0x000017c0   Data   RO          235    .constdata          lcd.o
    0x0801354e   0x00000002   PAD
    0x08013550   0x00000010   Data   RO          363    .constdata          clock.o
    0x08013560   0x000003c0   Data   RO          595    .constdata          mycc936.o
    0x08013920   0x0000003a   Data   RO          630    .constdata          ff.o
    0x0801395a   0x00000028   Data   RO          764    .constdata          c_w.l(_printf_hex_int.o)
    0x08013982   0x00000011   Data   RO          799    .constdata          c_w.l(__printf_flags_ss_wp.o)
    0x08013993   0x00000005   PAD
    0x08013998   0x00000030   Data   RO          913    .constdata          m_ws.l(cos_i.o)
    0x080139c8   0x000000c8   Data   RO          931    .constdata          m_ws.l(rred.o)
    0x08013a90   0x00000028   Data   RO          935    .constdata          m_ws.l(sin_i.o)
    0x08013ab8   0x00000064   Data   RO          540    .conststring        exfuns.o
    0x08013b1c   0x0000006d   Data   RO          669    .conststring        fontupd.o
    0x08013b89   0x00000003   PAD
    0x08013b8c   0x00000028   Data   RO          704    .conststring        usmart.o
    0x08013bb4   0x00000299   Data   RO          719    .conststring        usmart_config.o
    0x08013e4d   0x00000003   PAD
    0x08013e50   0x00000020   Data   RO         1120    Region$$Table       anon$$obj.o


    Execution Region RW_IRAM1 (Base: 0x20000000, Size: 0x0000a048, Max: 0x0000c000, ABSOLUTE, COMPRESSED[0x00000160])

    Base Addr    Size         Type   Attr      Idx    E Section Name        Object

    0x20000000   0x00000014   Data   RW          216    .data               system_stm32f10x.o
    0x20000014   0x00000004   Data   RW          236    .data               lcd.o
    0x20000018   0x00000001   Data   RW          291    .data               key.o
    0x20000019   0x00000001   Data   RW          322    .data               mmc_sd.o
    0x2000001a   0x00000002   Data   RW          340    .data               flash.o
    0x2000001c   0x00000003   Data   RW          364    .data               clock.o
    0x2000001f   0x00000001   PAD
    0x20000020   0x00000004   Data   RW          382    .data               delay.o
    0x20000024   0x00000006   Data   RW          414    .data               usart.o
    0x2000002a   0x00000014   Data   RW          465    .data               stm32f10x_rcc.o
    0x2000003e   0x00000002   PAD
    0x20000040   0x00000154   Data   RW          541    .data               exfuns.o
    0x20000194   0x00000002   Data   RW          612    .data               diskio.o
    0x20000196   0x00000002   PAD
    0x20000198   0x0000000a   Data   RW          631    .data               ff.o
    0x200001a2   0x00000002   PAD
    0x200001a4   0x00000014   Data   RW          650    .data               malloc.o
    0x200001b8   0x00000010   Data   RW          670    .data               fontupd.o
    0x200001c8   0x0000001c   Data   RW          705    .data               usmart.o
    0x200001e4   0x000001c4   Data   RW          720    .data               usmart_config.o
    0x200003a8   0x0000000e   Zero   RW          234    .bss                lcd.o
    0x200003b6   0x00000012   Zero   RW          304    .bss                spi.o
    0x200003c8   0x0000002c   Zero   RW          362    .bss                clock.o
    0x200003f4   0x000000c8   Zero   RW          413    .bss                usart.o
    0x200004bc   0x00000044   Zero   RW          539    .bss                exfuns.o
    0x20000500   0x000094c0   Zero   RW          648    .bss                malloc.o
    0x200099c0   0x00000021   Zero   RW          668    .bss                fontupd.o
    0x200099e1   0x00000003   PAD
    0x200099e4   0x00000060   Zero   RW          981    .bss                c_w.l(libspace.o)
    0x20009a44   0x00000004   PAD
    0x20009a48   0x00000200   Zero   RW          446    HEAP                startup_stm32f10x_hd.o
    0x20009c48   0x00000400   Zero   RW          445    STACK               startup_stm32f10x_hd.o


==============================================================================

Image component sizes


      Code (inc. data)   RO Data    RW Data    ZI Data      Debug   Object Name

      6012        264         16          3         44       5345   clock.o
       212         18          0          4          0       1039   delay.o
       504         12          0          2          0       4206   diskio.o
       408         20        100        340         68       5192   exfuns.o
      1240         64          0          0          0       2974   exti.o
      1720        690          0          0          0       5616   fattester.o
     12950        138         58         10          0      34598   ff.o
       856         16          0          2          0       4479   flash.o
       964        126        109         16         33       3508   fontupd.o
       252         16          0          1          0        836   key.o
     22608        208       6080          4         14      24559   lcd.o
       728        148          0          0          0     263107   main.o
       416          6          0         20      38080       3961   malloc.o
       220         22          0          0          0       1817   misc.o
      1316         16          0          1          0       5694   mmc_sd.o
       204         12        960          0          0       1597   mycc936.o
       232         12          0          0         18       1309   spi.o
        64         26        304          0       1536        800   startup_stm32f10x_hd.o
       284         10          0          0          0       2247   stm32f10x_exti.o
       860         38          0          0          0       5661   stm32f10x_gpio.o
        26          0          0          0          0       1190   stm32f10x_it.o
       932         36          0         20          0       8840   stm32f10x_rcc.o
       780         14          0          0          0       6542   stm32f10x_spi.o
      3610         88          0          0          0      22144   stm32f10x_tim.o
      1032         22          0          0          0       8388   stm32f10x_usart.o
         0          0          0          0          0         32   sys.o
       480         38          0         20          0       1767   system_stm32f10x.o
       724         16          0          0          0       2940   text.o
       180          8          0          0          0        824   timer.o
       320         16          0          6        200       3174   usart.o
      3136       1288         40         28          0       4298   usmart.o
         0          0        665        452          0       1628   usmart_config.o
      1320         12          0          0          0       5069   usmart_str.o

    ----------------------------------------------------------------------
     64596       3400       8372        936      39996     445381   Object Totals
         0          0         32          0          0          0   (incl. Generated)
         6          0          8          7          3          0   (incl. Padding)

    ----------------------------------------------------------------------

      Code (inc. data)   RO Data    RW Data    ZI Data      Debug   Library Member Name

        90          0          0          0          0          0   __dczerorl2.o
         8          0          0          0          0         68   __main.o
       392          4         17          0          0         92   __printf_flags_ss_wp.o
        14          0          0          0          0         68   __printf_wp.o
         0          0          0          0          0          0   __rtentry.o
        12          0          0          0          0          0   __rtentry2.o
         6          0          0          0          0          0   __rtentry4.o
        52          8          0          0          0          0   __scatter.o
        28          0          0          0          0          0   __scatter_zi.o
         6          0          0          0          0          0   _printf_c.o
        44          0          0          0          0        108   _printf_char.o
        48          6          0          0          0         96   _printf_char_common.o
        36          4          0          0          0         80   _printf_char_file.o
         6          0          0          0          0          0   _printf_d.o
       120         16          0          0          0         92   _printf_dec.o
        88          4         40          0          0         88   _printf_hex_int.o
       178          0          0          0          0         88   _printf_intcommon.o
        78          0          0          0          0        108   _printf_pad.o
         0          0          0          0          0          0   _printf_percent.o
         4          0          0          0          0          0   _printf_percent_end.o
         6          0          0          0          0          0   _printf_s.o
        82          0          0          0          0         80   _printf_str.o
         6          0          0          0          0          0   _printf_u.o
         6          0          0          0          0          0   _printf_x.o
        22          0          0          0          0        100   _rserrno.o
        12          0          0          0          0         72   exit.o
         8          0          0          0          0         68   ferror.o
         6          0          0          0          0        152   heapauxi.o
         2          0          0          0          0          0   libinit.o
         2          0          0          0          0          0   libinit2.o
         2          0          0          0          0          0   libshutdown.o
         2          0          0          0          0          0   libshutdown2.o
         8          4          0          0         96         68   libspace.o
        24          4          0          0          0         84   noretval__2printf.o
         8          4          0          0          0         68   rt_errno_addr_intlibspace.o
         2          0          0          0          0          0   rtexit.o
        10          0          0          0          0          0   rtexit2.o
       128          0          0          0          0         68   strcmpv7m.o
        72          0          0          0          0         80   strcpy.o
        62          0          0          0          0         76   strlen.o
        74          0          0          0          0         80   sys_stackheap_outer.o
         2          0          0          0          0         68   use_no_semi.o
         2          0          0          0          0         68   use_no_semi_2.o
        98          4          0          0          0         92   d2f.o
       826         16          0          0          0        348   daddsub_clz.o
        16          4          0          0          0         68   dcheck1.o
       688        140          0          0          0        208   ddiv.o
        94          4          0          0          0         92   dfix.o
        90          4          0          0          0         92   dfixu.o
        84          0          0          0          0        136   dflt_clz.o
       340         12          0          0          0        104   dmul.o
       156          4          0          0          0         92   dnaninf.o
        12          0          0          0          0         68   dretinf.o
        86          4          0          0          0         84   f2d.o
       430          8          0          0          0        168   faddsub_clz.o
        24          0          0          0          0         68   fcmpi.o
       388         76          0          0          0         96   fdiv.o
       104          4          0          0          0         84   feqf.o
        54          4          0          0          0         84   ffix.o
        62          4          0          0          0         84   ffixu.o
        38          0          0          0          0         68   fflt_clz.o
       104          4          0          0          0         84   fleqf.o
       258          4          0          0          0         84   fmul.o
       140          4          0          0          0         84   fnaninf.o
        10          0          0          0          0         68   fretinf.o
       100          0          0          0          0         68   retnan.o
        92          0          0          0          0         68   scalbn.o
        48          0          0          0          0         68   trapv.o
         0          0          0          0          0          0   usenofp.o
       120         10          0          0          0         84   ceilf.o
       156          8          0          0          0        104   cos.o
       252         22         48          0          0        124   cos_i.o
        34          6          0          0          0        204   dunder.o
        40          0          0          0          0         68   fpclassify.o
       170          0          0          0          0         96   poly.o
       904         76        200          0          0        140   rred.o
       160         10          0          0          0        108   sin.o
       236         12         40          0          0        128   sin_i.o

    ----------------------------------------------------------------------
      8202        498        350          0        100       5636   Library Totals
        30          0          5          0          4          0   (incl. Padding)

    ----------------------------------------------------------------------

      Code (inc. data)   RO Data    RW Data    ZI Data      Debug   Library Name

      1758         54         57          0         96       2020   c_w.l
      4342        300          0          0          0       2560   fz_ws.l
      2072        144        288          0          0       1056   m_ws.l

    ----------------------------------------------------------------------
      8202        498        350          0        100       5636   Library Totals

    ----------------------------------------------------------------------

==============================================================================


      Code (inc. data)   RO Data    RW Data    ZI Data      Debug   

     72798       3898       8722        936      40096     445241   Grand Totals
     72798       3898       8722        352      40096     445241   ELF Image Totals (compressed)
     72798       3898       8722        352          0          0   ROM Totals

==============================================================================

    Total RO  Size (Code + RO Data)                81520 (  79.61kB)
    Total RW  Size (RW Data + ZI Data)             41032 (  40.07kB)
    Total ROM Size (Code + RO Data + RW Data)      81872 (  79.95kB)

==============================================================================

